Archive member included to satisfy reference by file (symbol)

c:/program files (x86)/atmel/studio/7.0/toolchain/avr8/avr8-gnu-toolchain/bin/../lib/gcc/avr/5.4.0/avr5\libgcc.a(_divmodhi4.o)
                              main.o (__divmodhi4)
c:/program files (x86)/atmel/studio/7.0/toolchain/avr8/avr8-gnu-toolchain/bin/../lib/gcc/avr/5.4.0/avr5\libgcc.a(_exit.o)
                              C:/Program Files (x86)/Atmel/Studio/7.0/Packs/atmel/ATmega_DFP/1.6.364/gcc/dev/atmega328p/avr5/crtatmega328p.o (exit)
c:/program files (x86)/atmel/studio/7.0/toolchain/avr8/avr8-gnu-toolchain/bin/../lib/gcc/avr/5.4.0/avr5\libgcc.a(_tablejump2.o)
                              main.o (__tablejump2__)
c:/program files (x86)/atmel/studio/7.0/toolchain/avr8/avr8-gnu-toolchain/bin/../lib/gcc/avr/5.4.0/avr5\libgcc.a(_copy_data.o)
                              main.o (__do_copy_data)
c:/program files (x86)/atmel/studio/7.0/toolchain/avr8/avr8-gnu-toolchain/bin/../lib/gcc/avr/5.4.0/avr5\libgcc.a(_clear_bss.o)
                              main.o (__do_clear_bss)
c:/program files (x86)/atmel/studio/7.0/toolchain/avr8/avr8-gnu-toolchain/bin/../lib/gcc/avr/5.4.0/avr5\libgcc.a(_udivmodhi4.o)
                              c:/program files (x86)/atmel/studio/7.0/toolchain/avr8/avr8-gnu-toolchain/bin/../lib/gcc/avr/5.4.0/avr5\libgcc.a(_divmodhi4.o) (__udivmodhi4)

Discarded input sections

 .data          0x00000000        0x0 C:/Program Files (x86)/Atmel/Studio/7.0/Packs/atmel/ATmega_DFP/1.6.364/gcc/dev/atmega328p/avr5/crtatmega328p.o
 .bss           0x00000000        0x0 C:/Program Files (x86)/Atmel/Studio/7.0/Packs/atmel/ATmega_DFP/1.6.364/gcc/dev/atmega328p/avr5/crtatmega328p.o
 .text          0x00000000        0x0 main.o
 .data          0x00000000        0x0 main.o
 .bss           0x00000000        0x0 main.o
 .text.atualizaSenha
                0x00000000       0x3c main.o
 .text.adicionaSaldo
                0x00000000        0x2 main.o
 .text.transforma_int
                0x00000000       0x12 main.o
 .text.setupBotoes
                0x00000000        0x2 main.o
 .text.enableDelayT1
                0x00000000       0x1e main.o
 .text.delay    0x00000000       0x16 main.o
 .text.mostraSaldoNaSerial
                0x00000000       0x5e main.o
 .text.getNumPendecias
                0x00000000        0x6 main.o
 .data.controle
                0x00000000        0x2 main.o
 .text          0x00000000        0x0 c:/program files (x86)/atmel/studio/7.0/toolchain/avr8/avr8-gnu-toolchain/bin/../lib/gcc/avr/5.4.0/avr5\libgcc.a(_divmodhi4.o)
 .data          0x00000000        0x0 c:/program files (x86)/atmel/studio/7.0/toolchain/avr8/avr8-gnu-toolchain/bin/../lib/gcc/avr/5.4.0/avr5\libgcc.a(_divmodhi4.o)
 .bss           0x00000000        0x0 c:/program files (x86)/atmel/studio/7.0/toolchain/avr8/avr8-gnu-toolchain/bin/../lib/gcc/avr/5.4.0/avr5\libgcc.a(_divmodhi4.o)
 .text.libgcc.mul
                0x00000000        0x0 c:/program files (x86)/atmel/studio/7.0/toolchain/avr8/avr8-gnu-toolchain/bin/../lib/gcc/avr/5.4.0/avr5\libgcc.a(_divmodhi4.o)
 .text.libgcc   0x00000000        0x0 c:/program files (x86)/atmel/studio/7.0/toolchain/avr8/avr8-gnu-toolchain/bin/../lib/gcc/avr/5.4.0/avr5\libgcc.a(_divmodhi4.o)
 .text.libgcc.prologue
                0x00000000        0x0 c:/program files (x86)/atmel/studio/7.0/toolchain/avr8/avr8-gnu-toolchain/bin/../lib/gcc/avr/5.4.0/avr5\libgcc.a(_divmodhi4.o)
 .text.libgcc.builtins
                0x00000000        0x0 c:/program files (x86)/atmel/studio/7.0/toolchain/avr8/avr8-gnu-toolchain/bin/../lib/gcc/avr/5.4.0/avr5\libgcc.a(_divmodhi4.o)
 .text.libgcc.fmul
                0x00000000        0x0 c:/program files (x86)/atmel/studio/7.0/toolchain/avr8/avr8-gnu-toolchain/bin/../lib/gcc/avr/5.4.0/avr5\libgcc.a(_divmodhi4.o)
 .text.libgcc.fixed
                0x00000000        0x0 c:/program files (x86)/atmel/studio/7.0/toolchain/avr8/avr8-gnu-toolchain/bin/../lib/gcc/avr/5.4.0/avr5\libgcc.a(_divmodhi4.o)
 .text          0x00000000        0x0 c:/program files (x86)/atmel/studio/7.0/toolchain/avr8/avr8-gnu-toolchain/bin/../lib/gcc/avr/5.4.0/avr5\libgcc.a(_exit.o)
 .data          0x00000000        0x0 c:/program files (x86)/atmel/studio/7.0/toolchain/avr8/avr8-gnu-toolchain/bin/../lib/gcc/avr/5.4.0/avr5\libgcc.a(_exit.o)
 .bss           0x00000000        0x0 c:/program files (x86)/atmel/studio/7.0/toolchain/avr8/avr8-gnu-toolchain/bin/../lib/gcc/avr/5.4.0/avr5\libgcc.a(_exit.o)
 .text.libgcc.mul
                0x00000000        0x0 c:/program files (x86)/atmel/studio/7.0/toolchain/avr8/avr8-gnu-toolchain/bin/../lib/gcc/avr/5.4.0/avr5\libgcc.a(_exit.o)
 .text.libgcc.div
                0x00000000        0x0 c:/program files (x86)/atmel/studio/7.0/toolchain/avr8/avr8-gnu-toolchain/bin/../lib/gcc/avr/5.4.0/avr5\libgcc.a(_exit.o)
 .text.libgcc   0x00000000        0x0 c:/program files (x86)/atmel/studio/7.0/toolchain/avr8/avr8-gnu-toolchain/bin/../lib/gcc/avr/5.4.0/avr5\libgcc.a(_exit.o)
 .text.libgcc.prologue
                0x00000000        0x0 c:/program files (x86)/atmel/studio/7.0/toolchain/avr8/avr8-gnu-toolchain/bin/../lib/gcc/avr/5.4.0/avr5\libgcc.a(_exit.o)
 .text.libgcc.builtins
                0x00000000        0x0 c:/program files (x86)/atmel/studio/7.0/toolchain/avr8/avr8-gnu-toolchain/bin/../lib/gcc/avr/5.4.0/avr5\libgcc.a(_exit.o)
 .text.libgcc.fmul
                0x00000000        0x0 c:/program files (x86)/atmel/studio/7.0/toolchain/avr8/avr8-gnu-toolchain/bin/../lib/gcc/avr/5.4.0/avr5\libgcc.a(_exit.o)
 .text.libgcc.fixed
                0x00000000        0x0 c:/program files (x86)/atmel/studio/7.0/toolchain/avr8/avr8-gnu-toolchain/bin/../lib/gcc/avr/5.4.0/avr5\libgcc.a(_exit.o)
 .text          0x00000000        0x0 c:/program files (x86)/atmel/studio/7.0/toolchain/avr8/avr8-gnu-toolchain/bin/../lib/gcc/avr/5.4.0/avr5\libgcc.a(_tablejump2.o)
 .data          0x00000000        0x0 c:/program files (x86)/atmel/studio/7.0/toolchain/avr8/avr8-gnu-toolchain/bin/../lib/gcc/avr/5.4.0/avr5\libgcc.a(_tablejump2.o)
 .bss           0x00000000        0x0 c:/program files (x86)/atmel/studio/7.0/toolchain/avr8/avr8-gnu-toolchain/bin/../lib/gcc/avr/5.4.0/avr5\libgcc.a(_tablejump2.o)
 .text.libgcc.mul
                0x00000000        0x0 c:/program files (x86)/atmel/studio/7.0/toolchain/avr8/avr8-gnu-toolchain/bin/../lib/gcc/avr/5.4.0/avr5\libgcc.a(_tablejump2.o)
 .text.libgcc.div
                0x00000000        0x0 c:/program files (x86)/atmel/studio/7.0/toolchain/avr8/avr8-gnu-toolchain/bin/../lib/gcc/avr/5.4.0/avr5\libgcc.a(_tablejump2.o)
 .text.libgcc.prologue
                0x00000000        0x0 c:/program files (x86)/atmel/studio/7.0/toolchain/avr8/avr8-gnu-toolchain/bin/../lib/gcc/avr/5.4.0/avr5\libgcc.a(_tablejump2.o)
 .text.libgcc.builtins
                0x00000000        0x0 c:/program files (x86)/atmel/studio/7.0/toolchain/avr8/avr8-gnu-toolchain/bin/../lib/gcc/avr/5.4.0/avr5\libgcc.a(_tablejump2.o)
 .text.libgcc.fmul
                0x00000000        0x0 c:/program files (x86)/atmel/studio/7.0/toolchain/avr8/avr8-gnu-toolchain/bin/../lib/gcc/avr/5.4.0/avr5\libgcc.a(_tablejump2.o)
 .text.libgcc.fixed
                0x00000000        0x0 c:/program files (x86)/atmel/studio/7.0/toolchain/avr8/avr8-gnu-toolchain/bin/../lib/gcc/avr/5.4.0/avr5\libgcc.a(_tablejump2.o)
 .text          0x00000000        0x0 c:/program files (x86)/atmel/studio/7.0/toolchain/avr8/avr8-gnu-toolchain/bin/../lib/gcc/avr/5.4.0/avr5\libgcc.a(_copy_data.o)
 .data          0x00000000        0x0 c:/program files (x86)/atmel/studio/7.0/toolchain/avr8/avr8-gnu-toolchain/bin/../lib/gcc/avr/5.4.0/avr5\libgcc.a(_copy_data.o)
 .bss           0x00000000        0x0 c:/program files (x86)/atmel/studio/7.0/toolchain/avr8/avr8-gnu-toolchain/bin/../lib/gcc/avr/5.4.0/avr5\libgcc.a(_copy_data.o)
 .text.libgcc.mul
                0x00000000        0x0 c:/program files (x86)/atmel/studio/7.0/toolchain/avr8/avr8-gnu-toolchain/bin/../lib/gcc/avr/5.4.0/avr5\libgcc.a(_copy_data.o)
 .text.libgcc.div
                0x00000000        0x0 c:/program files (x86)/atmel/studio/7.0/toolchain/avr8/avr8-gnu-toolchain/bin/../lib/gcc/avr/5.4.0/avr5\libgcc.a(_copy_data.o)
 .text.libgcc   0x00000000        0x0 c:/program files (x86)/atmel/studio/7.0/toolchain/avr8/avr8-gnu-toolchain/bin/../lib/gcc/avr/5.4.0/avr5\libgcc.a(_copy_data.o)
 .text.libgcc.prologue
                0x00000000        0x0 c:/program files (x86)/atmel/studio/7.0/toolchain/avr8/avr8-gnu-toolchain/bin/../lib/gcc/avr/5.4.0/avr5\libgcc.a(_copy_data.o)
 .text.libgcc.builtins
                0x00000000        0x0 c:/program files (x86)/atmel/studio/7.0/toolchain/avr8/avr8-gnu-toolchain/bin/../lib/gcc/avr/5.4.0/avr5\libgcc.a(_copy_data.o)
 .text.libgcc.fmul
                0x00000000        0x0 c:/program files (x86)/atmel/studio/7.0/toolchain/avr8/avr8-gnu-toolchain/bin/../lib/gcc/avr/5.4.0/avr5\libgcc.a(_copy_data.o)
 .text.libgcc.fixed
                0x00000000        0x0 c:/program files (x86)/atmel/studio/7.0/toolchain/avr8/avr8-gnu-toolchain/bin/../lib/gcc/avr/5.4.0/avr5\libgcc.a(_copy_data.o)
 .text          0x00000000        0x0 c:/program files (x86)/atmel/studio/7.0/toolchain/avr8/avr8-gnu-toolchain/bin/../lib/gcc/avr/5.4.0/avr5\libgcc.a(_clear_bss.o)
 .data          0x00000000        0x0 c:/program files (x86)/atmel/studio/7.0/toolchain/avr8/avr8-gnu-toolchain/bin/../lib/gcc/avr/5.4.0/avr5\libgcc.a(_clear_bss.o)
 .bss           0x00000000        0x0 c:/program files (x86)/atmel/studio/7.0/toolchain/avr8/avr8-gnu-toolchain/bin/../lib/gcc/avr/5.4.0/avr5\libgcc.a(_clear_bss.o)
 .text.libgcc.mul
                0x00000000        0x0 c:/program files (x86)/atmel/studio/7.0/toolchain/avr8/avr8-gnu-toolchain/bin/../lib/gcc/avr/5.4.0/avr5\libgcc.a(_clear_bss.o)
 .text.libgcc.div
                0x00000000        0x0 c:/program files (x86)/atmel/studio/7.0/toolchain/avr8/avr8-gnu-toolchain/bin/../lib/gcc/avr/5.4.0/avr5\libgcc.a(_clear_bss.o)
 .text.libgcc   0x00000000        0x0 c:/program files (x86)/atmel/studio/7.0/toolchain/avr8/avr8-gnu-toolchain/bin/../lib/gcc/avr/5.4.0/avr5\libgcc.a(_clear_bss.o)
 .text.libgcc.prologue
                0x00000000        0x0 c:/program files (x86)/atmel/studio/7.0/toolchain/avr8/avr8-gnu-toolchain/bin/../lib/gcc/avr/5.4.0/avr5\libgcc.a(_clear_bss.o)
 .text.libgcc.builtins
                0x00000000        0x0 c:/program files (x86)/atmel/studio/7.0/toolchain/avr8/avr8-gnu-toolchain/bin/../lib/gcc/avr/5.4.0/avr5\libgcc.a(_clear_bss.o)
 .text.libgcc.fmul
                0x00000000        0x0 c:/program files (x86)/atmel/studio/7.0/toolchain/avr8/avr8-gnu-toolchain/bin/../lib/gcc/avr/5.4.0/avr5\libgcc.a(_clear_bss.o)
 .text.libgcc.fixed
                0x00000000        0x0 c:/program files (x86)/atmel/studio/7.0/toolchain/avr8/avr8-gnu-toolchain/bin/../lib/gcc/avr/5.4.0/avr5\libgcc.a(_clear_bss.o)
 .text          0x00000000        0x0 c:/program files (x86)/atmel/studio/7.0/toolchain/avr8/avr8-gnu-toolchain/bin/../lib/gcc/avr/5.4.0/avr5\libgcc.a(_udivmodhi4.o)
 .data          0x00000000        0x0 c:/program files (x86)/atmel/studio/7.0/toolchain/avr8/avr8-gnu-toolchain/bin/../lib/gcc/avr/5.4.0/avr5\libgcc.a(_udivmodhi4.o)
 .bss           0x00000000        0x0 c:/program files (x86)/atmel/studio/7.0/toolchain/avr8/avr8-gnu-toolchain/bin/../lib/gcc/avr/5.4.0/avr5\libgcc.a(_udivmodhi4.o)
 .text.libgcc.mul
                0x00000000        0x0 c:/program files (x86)/atmel/studio/7.0/toolchain/avr8/avr8-gnu-toolchain/bin/../lib/gcc/avr/5.4.0/avr5\libgcc.a(_udivmodhi4.o)
 .text.libgcc   0x00000000        0x0 c:/program files (x86)/atmel/studio/7.0/toolchain/avr8/avr8-gnu-toolchain/bin/../lib/gcc/avr/5.4.0/avr5\libgcc.a(_udivmodhi4.o)
 .text.libgcc.prologue
                0x00000000        0x0 c:/program files (x86)/atmel/studio/7.0/toolchain/avr8/avr8-gnu-toolchain/bin/../lib/gcc/avr/5.4.0/avr5\libgcc.a(_udivmodhi4.o)
 .text.libgcc.builtins
                0x00000000        0x0 c:/program files (x86)/atmel/studio/7.0/toolchain/avr8/avr8-gnu-toolchain/bin/../lib/gcc/avr/5.4.0/avr5\libgcc.a(_udivmodhi4.o)
 .text.libgcc.fmul
                0x00000000        0x0 c:/program files (x86)/atmel/studio/7.0/toolchain/avr8/avr8-gnu-toolchain/bin/../lib/gcc/avr/5.4.0/avr5\libgcc.a(_udivmodhi4.o)
 .text.libgcc.fixed
                0x00000000        0x0 c:/program files (x86)/atmel/studio/7.0/toolchain/avr8/avr8-gnu-toolchain/bin/../lib/gcc/avr/5.4.0/avr5\libgcc.a(_udivmodhi4.o)

Memory Configuration

Name             Origin             Length             Attributes
text             0x00000000         0x00008000         xr
data             0x00800100         0x00000800         rw !x
eeprom           0x00810000         0x00000400         rw !x
fuse             0x00820000         0x00000003         rw !x
lock             0x00830000         0x00000400         rw !x
signature        0x00840000         0x00000400         rw !x
user_signatures  0x00850000         0x00000400         rw !x
*default*        0x00000000         0xffffffff

Linker script and memory map

Address of section .data set to 0x800100
LOAD C:/Program Files (x86)/Atmel/Studio/7.0/Packs/atmel/ATmega_DFP/1.6.364/gcc/dev/atmega328p/avr5/crtatmega328p.o
LOAD main.o
START GROUP
LOAD c:/program files (x86)/atmel/studio/7.0/toolchain/avr8/avr8-gnu-toolchain/bin/../lib/gcc/avr/5.4.0/../../../../avr/lib/avr5\libm.a
END GROUP
START GROUP
LOAD c:/program files (x86)/atmel/studio/7.0/toolchain/avr8/avr8-gnu-toolchain/bin/../lib/gcc/avr/5.4.0/avr5\libgcc.a
LOAD c:/program files (x86)/atmel/studio/7.0/toolchain/avr8/avr8-gnu-toolchain/bin/../lib/gcc/avr/5.4.0/../../../../avr/lib/avr5\libm.a
LOAD c:/program files (x86)/atmel/studio/7.0/toolchain/avr8/avr8-gnu-toolchain/bin/../lib/gcc/avr/5.4.0/../../../../avr/lib/avr5\libc.a
LOAD C:/Program Files (x86)/Atmel/Studio/7.0/Packs/atmel/ATmega_DFP/1.6.364/gcc/dev/atmega328p/avr5\libatmega328p.a
END GROUP
                0x00000000                __TEXT_REGION_ORIGIN__ = DEFINED (__TEXT_REGION_ORIGIN__)?__TEXT_REGION_ORIGIN__:0x0
                [0x00800100]                __DATA_REGION_ORIGIN__ = DEFINED (__DATA_REGION_ORIGIN__)?__DATA_REGION_ORIGIN__:0x800060
                [0x00008000]                __TEXT_REGION_LENGTH__ = DEFINED (__TEXT_REGION_LENGTH__)?__TEXT_REGION_LENGTH__:0x20000
                [0x00000800]                __DATA_REGION_LENGTH__ = DEFINED (__DATA_REGION_LENGTH__)?__DATA_REGION_LENGTH__:0xffa0
                [0x00000400]                __EEPROM_REGION_LENGTH__ = DEFINED (__EEPROM_REGION_LENGTH__)?__EEPROM_REGION_LENGTH__:0x10000
                [0x00000003]                __FUSE_REGION_LENGTH__ = DEFINED (__FUSE_REGION_LENGTH__)?__FUSE_REGION_LENGTH__:0x400
                0x00000400                __LOCK_REGION_LENGTH__ = DEFINED (__LOCK_REGION_LENGTH__)?__LOCK_REGION_LENGTH__:0x400
                0x00000400                __SIGNATURE_REGION_LENGTH__ = DEFINED (__SIGNATURE_REGION_LENGTH__)?__SIGNATURE_REGION_LENGTH__:0x400
                0x00000400                __USER_SIGNATURE_REGION_LENGTH__ = DEFINED (__USER_SIGNATURE_REGION_LENGTH__)?__USER_SIGNATURE_REGION_LENGTH__:0x400

.hash
 *(.hash)

.dynsym
 *(.dynsym)

.dynstr
 *(.dynstr)

.gnu.version
 *(.gnu.version)

.gnu.version_d
 *(.gnu.version_d)

.gnu.version_r
 *(.gnu.version_r)

.rel.init
 *(.rel.init)

.rela.init
 *(.rela.init)

.rel.text
 *(.rel.text)
 *(.rel.text.*)
 *(.rel.gnu.linkonce.t*)

.rela.text
 *(.rela.text)
 *(.rela.text.*)
 *(.rela.gnu.linkonce.t*)

.rel.fini
 *(.rel.fini)

.rela.fini
 *(.rela.fini)

.rel.rodata
 *(.rel.rodata)
 *(.rel.rodata.*)
 *(.rel.gnu.linkonce.r*)

.rela.rodata
 *(.rela.rodata)
 *(.rela.rodata.*)
 *(.rela.gnu.linkonce.r*)

.rel.data
 *(.rel.data)
 *(.rel.data.*)
 *(.rel.gnu.linkonce.d*)

.rela.data
 *(.rela.data)
 *(.rela.data.*)
 *(.rela.gnu.linkonce.d*)

.rel.ctors
 *(.rel.ctors)

.rela.ctors
 *(.rela.ctors)

.rel.dtors
 *(.rel.dtors)

.rela.dtors
 *(.rela.dtors)

.rel.got
 *(.rel.got)

.rela.got
 *(.rela.got)

.rel.bss
 *(.rel.bss)

.rela.bss
 *(.rela.bss)

.rel.plt
 *(.rel.plt)

.rela.plt
 *(.rela.plt)

.text           0x00000000     0x3a8c
 *(.vectors)
 .vectors       0x00000000       0x68 C:/Program Files (x86)/Atmel/Studio/7.0/Packs/atmel/ATmega_DFP/1.6.364/gcc/dev/atmega328p/avr5/crtatmega328p.o
                0x00000000                __vector_default
                0x00000000                __vectors
 *(.vectors)
 *(.progmem.gcc*)
 .progmem.gcc_sw_table.updateDate
                0x00000068       0x18 main.o
 .progmem.gcc_sw_table.acao_tecla
                0x00000080       0x18 main.o
                0x00000098                . = ALIGN (0x2)
                0x00000098                __trampolines_start = .
 *(.trampolines)
 .trampolines   0x00000098        0x0 linker stubs
 *(.trampolines*)
                0x00000098                __trampolines_end = .
 *libprintf_flt.a:*(.progmem.data)
 *libc.a:*(.progmem.data)
 *(.progmem*)
                0x00000098                . = ALIGN (0x2)
 *(.jumptables)
 *(.jumptables*)
 *(.lowtext)
 *(.lowtext*)
                0x00000098                __ctors_start = .
 *(.ctors)
                0x00000098                __ctors_end = .
                0x00000098                __dtors_start = .
 *(.dtors)
                0x00000098                __dtors_end = .
 SORT(*)(.ctors)
 SORT(*)(.dtors)
 *(.init0)
 .init0         0x00000098        0x0 C:/Program Files (x86)/Atmel/Studio/7.0/Packs/atmel/ATmega_DFP/1.6.364/gcc/dev/atmega328p/avr5/crtatmega328p.o
                0x00000098                __init
 *(.init0)
 *(.init1)
 *(.init1)
 *(.init2)
 .init2         0x00000098        0xc C:/Program Files (x86)/Atmel/Studio/7.0/Packs/atmel/ATmega_DFP/1.6.364/gcc/dev/atmega328p/avr5/crtatmega328p.o
 *(.init2)
 *(.init3)
 *(.init3)
 *(.init4)
 .init4         0x000000a4       0x16 c:/program files (x86)/atmel/studio/7.0/toolchain/avr8/avr8-gnu-toolchain/bin/../lib/gcc/avr/5.4.0/avr5\libgcc.a(_copy_data.o)
                0x000000a4                __do_copy_data
 .init4         0x000000ba       0x10 c:/program files (x86)/atmel/studio/7.0/toolchain/avr8/avr8-gnu-toolchain/bin/../lib/gcc/avr/5.4.0/avr5\libgcc.a(_clear_bss.o)
                0x000000ba                __do_clear_bss
 *(.init4)
 *(.init5)
 *(.init5)
 *(.init6)
 *(.init6)
 *(.init7)
 *(.init7)
 *(.init8)
 *(.init8)
 *(.init9)
 .init9         0x000000ca        0x8 C:/Program Files (x86)/Atmel/Studio/7.0/Packs/atmel/ATmega_DFP/1.6.364/gcc/dev/atmega328p/avr5/crtatmega328p.o
 *(.init9)
 *(.text)
 .text          0x000000d2        0x4 C:/Program Files (x86)/Atmel/Studio/7.0/Packs/atmel/ATmega_DFP/1.6.364/gcc/dev/atmega328p/avr5/crtatmega328p.o
                0x000000d2                __vector_22
                0x000000d2                __vector_1
                0x000000d2                __vector_24
                0x000000d2                __vector_12
                0x000000d2                __bad_interrupt
                0x000000d2                __vector_6
                0x000000d2                __vector_3
                0x000000d2                __vector_23
                0x000000d2                __vector_25
                0x000000d2                __vector_13
                0x000000d2                __vector_17
                0x000000d2                __vector_19
                0x000000d2                __vector_7
                0x000000d2                __vector_5
                0x000000d2                __vector_4
                0x000000d2                __vector_9
                0x000000d2                __vector_2
                0x000000d2                __vector_21
                0x000000d2                __vector_15
                0x000000d2                __vector_8
                0x000000d2                __vector_14
                0x000000d2                __vector_10
                0x000000d2                __vector_16
                0x000000d2                __vector_18
                0x000000d2                __vector_20
                0x000000d6                . = ALIGN (0x2)
 *(.text.*)
 .text.anoZero  0x000000d6       0x36 main.o
                0x000000d6                anoZero
 .text.changeDate
                0x0000010c      0x144 main.o
                0x0000010c                changeDate
 .text.sumDate  0x00000250       0xd6 main.o
                0x00000250                sumDate
 .text.atualizaMesAno
                0x00000326       0x2e main.o
                0x00000326                atualizaMesAno
 .text.updateDate
                0x00000354       0x8c main.o
                0x00000354                updateDate
 .text.AtualizaStringHora
                0x000003e0       0x7a main.o
                0x000003e0                AtualizaStringHora
 .text.AtualizaStringData
                0x0000045a       0x7a main.o
                0x0000045a                AtualizaStringData
 .text.AtualizaStringDataHora
                0x000004d4        0xa main.o
                0x000004d4                AtualizaStringDataHora
 .text.verificarContasLocais
                0x000004de       0x56 main.o
                0x000004de                verificarContasLocais
 .text.verificaCashBack
                0x00000534       0x16 main.o
                0x00000534                verificaCashBack
 .text.carregaSaldo
                0x0000054a       0x3a main.o
                0x0000054a                carregaSaldo
 .text.carregaNumCartao
                0x00000584       0x3a main.o
                0x00000584                carregaNumCartao
 .text.carregaSenha
                0x000005be       0x3a main.o
                0x000005be                carregaSenha
 .text.addCartao
                0x000005f8       0x4a main.o
                0x000005f8                addCartao
 .text.subtraiSaldo
                0x00000642      0x162 main.o
                0x00000642                subtraiSaldo
 .text.verificaSaldo
                0x000007a4      0x17a main.o
                0x000007a4                verificaSaldo
 .text.verificaSenha
                0x0000091e       0x4e main.o
                0x0000091e                verificaSenha
 .text.executarVendaInterna
                0x0000096c       0x68 main.o
                0x0000096c                executarVendaInterna
 .text.formata_valor
                0x000009d4       0xa6 main.o
                0x000009d4                formata_valor
 .text.tecla_lida
                0x00000a7a       0x76 main.o
                0x00000a7a                tecla_lida
 .text.teclaDebouce
                0x00000af0       0x3c main.o
                0x00000af0                teclaDebouce
 .text.acao_tecla
                0x00000b2c       0x46 main.o
                0x00000b2c                acao_tecla
 .text.USART_INIT
                0x00000b72       0x16 main.o
                0x00000b72                USART_INIT
 .text.USART_envia
                0x00000b88        0xe main.o
                0x00000b88                USART_envia
 .text.verificaSerial
                0x00000b96       0x20 main.o
                0x00000b96                verificaSerial
 .text.write    0x00000bb6       0x5e main.o
                0x00000bb6                write
 .text.writeCharacter
                0x00000c14       0x24 main.o
                0x00000c14                writeCharacter
 .text.writeString
                0x00000c38       0x52 main.o
                0x00000c38                writeString
 .text.writeInstruction
                0x00000c8a       0x2c main.o
                0x00000c8a                writeInstruction
 .text.recebe_valor
                0x00000cb6       0xac main.o
                0x00000cb6                recebe_valor
 .text.setup_lcd
                0x00000d62       0x4a main.o
                0x00000d62                setup_lcd
 .text.validarSenha
                0x00000dac       0x38 main.o
                0x00000dac                validarSenha
 .text.lerSenha
                0x00000de4       0xc0 main.o
                0x00000de4                lerSenha
 .text.menu_vendas
                0x00000ea4       0x24 main.o
                0x00000ea4                menu_vendas
 .text.tela_bloqueio_inicial
                0x00000ec8       0x70 main.o
                0x00000ec8                tela_bloqueio_inicial
 .text.menu_pagamento
                0x00000f38       0x24 main.o
                0x00000f38                menu_pagamento
 .text.metodo_pagamento
                0x00000f5c       0x10 main.o
                0x00000f5c                metodo_pagamento
 .text.menu_cartao
                0x00000f6c       0x24 main.o
                0x00000f6c                menu_cartao
 .text.tela_OK  0x00000f90       0x36 main.o
                0x00000f90                tela_OK
 .text.tela_CF  0x00000fc6       0x36 main.o
                0x00000fc6                tela_CF
 .text.tela_SI  0x00000ffc       0x36 main.o
                0x00000ffc                tela_SI
 .text.tela_SF  0x00001032       0x36 main.o
                0x00001032                tela_SF
 .text.tela_cartaoEstorno
                0x00001068       0x1c main.o
                0x00001068                tela_cartaoEstorno
 .text.tela_valorEstorno
                0x00001084       0x24 main.o
                0x00001084                tela_valorEstorno
 .text.tela_estorno
                0x000010a8       0x1c main.o
                0x000010a8                tela_estorno
 .text.tela_vendaAvista
                0x000010c4       0x24 main.o
                0x000010c4                tela_vendaAvista
 .text.tela_vendaParcelada
                0x000010e8       0x24 main.o
                0x000010e8                tela_vendaParcelada
 .text.tela_vendaInterna
                0x0000110c       0x7a main.o
                0x0000110c                tela_vendaInterna
 .text.tela_reaproxime
                0x00001186       0x36 main.o
                0x00001186                tela_reaproxime
 .text.tela_nParcelas
                0x000011bc       0x1c main.o
                0x000011bc                tela_nParcelas
 .text.n_parcelas
                0x000011d8       0x8c main.o
                0x000011d8                n_parcelas
 .text.tela_senhaCartao
                0x00001264       0x1c main.o
                0x00001264                tela_senhaCartao
 .text.recebe_senha
                0x00001280       0x90 main.o
                0x00001280                recebe_senha
 .text.tela_numCartao
                0x00001310       0x1c main.o
                0x00001310                tela_numCartao
 .text.recebe_cartao
                0x0000132c       0x98 main.o
                0x0000132c                recebe_cartao
 .text.tela_processandoVenda
                0x000013c4       0x24 main.o
                0x000013c4                tela_processandoVenda
 .text.tela_processandoVenda2
                0x000013e8       0x24 main.o
                0x000013e8                tela_processandoVenda2
 .text.tela_processandoVenda3
                0x0000140c       0x24 main.o
                0x0000140c                tela_processandoVenda3
 .text.menuADM  0x00001430       0x64 main.o
                0x00001430                menuADM
 .text.tela_instrucoes_configOper
                0x00001494       0x36 main.o
                0x00001494                tela_instrucoes_configOper
 .text.tela_continuar_modo_atual
                0x000014ca       0x24 main.o
                0x000014ca                tela_continuar_modo_atual
 .text.continuar_modo_atual
                0x000014ee       0x2e main.o
                0x000014ee                continuar_modo_atual
 .text.tela_instrucoes_configDiaMesAno
                0x0000151c       0x58 main.o
                0x0000151c                tela_instrucoes_configDiaMesAno
 .text.tela_instrucoes_configHoraMinSeg
                0x00001574       0x58 main.o
                0x00001574                tela_instrucoes_configHoraMinSeg
 .text.tela_operacaoConcluida
                0x000015cc       0x36 main.o
                0x000015cc                tela_operacaoConcluida
 .text.tela_dataInvalida
                0x00001602       0x36 main.o
                0x00001602                tela_dataInvalida
 .text.tela_operadorDesabilitado
                0x00001638       0x44 main.o
                0x00001638                tela_operadorDesabilitado
 .text.tela_semPendencias
                0x0000167c       0x36 main.o
                0x0000167c                tela_semPendencias
 .text.tela_opcaoInvalida
                0x000016b2       0x36 main.o
                0x000016b2                tela_opcaoInvalida
 .text.tela_cobrarPagAgendado
                0x000016e8       0x36 main.o
                0x000016e8                tela_cobrarPagAgendado
 .text.tela_AguardandoPagAgendado
                0x0000171e       0x36 main.o
                0x0000171e                tela_AguardandoPagAgendado
 .text.tela_instrucoes_remPendencia
                0x00001754       0x36 main.o
                0x00001754                tela_instrucoes_remPendencia
 .text.tela_infos_printPend
                0x0000178a       0x36 main.o
                0x0000178a                tela_infos_printPend
 .text.tela_dataAtual
                0x000017c0       0x54 main.o
                0x000017c0                tela_dataAtual
 .text.tela_erroCom
                0x00001814       0x36 main.o
                0x00001814                tela_erroCom
 .text.USART_recebe
                0x0000184a       0x48 main.o
                0x0000184a                USART_recebe
 .text.aguarda_cartao
                0x00001892       0x46 main.o
                0x00001892                aguarda_cartao
 .text.requisicao_externa
                0x000018d8      0x288 main.o
                0x000018d8                requisicao_externa
 .text.processa_estorno
                0x00001b60       0xba main.o
                0x00001b60                processa_estorno
 .text.estorno  0x00001c1a       0xfc main.o
                0x00001c1a                estorno
 .text.processa_pagamento
                0x00001d16      0x182 main.o
                0x00001d16                processa_pagamento
 .text.venda_avista
                0x00001e98       0xae main.o
                0x00001e98                venda_avista
 .text.tela_precioneOK
                0x00001f46       0x36 main.o
                0x00001f46                tela_precioneOK
 .text.tela_fimDacobranca
                0x00001f7c       0x36 main.o
                0x00001f7c                tela_fimDacobranca
 .text.tela_pagNencontrado
                0x00001fb2       0x36 main.o
                0x00001fb2                tela_pagNencontrado
 .text.mudarStatusOper
                0x00001fe8       0x2c main.o
                0x00001fe8                mudarStatusOper
 .text.tela_status_oper
                0x00002014       0x52 main.o
                0x00002014                tela_status_oper
 .text.getOperStatus
                0x00002066        0xc main.o
                0x00002066                getOperStatus
 .text.login    0x00002072      0x100 main.o
                0x00002072                login
 .text.getDiaMesAno
                0x00002172      0x1f2 main.o
                0x00002172                getDiaMesAno
 .text.getHoraMinSeg
                0x00002364      0x1f8 main.o
                0x00002364                getHoraMinSeg
 .text.addPagamentoAgendado
                0x0000255c       0xd4 main.o
                0x0000255c                addPagamentoAgendado
 .text.venda_parcelada
                0x00002630      0x224 main.o
                0x00002630                venda_parcelada
 .text.processa_venda
                0x00002854       0x22 main.o
                0x00002854                processa_venda
 .text.comparaCartoes
                0x00002876       0x32 main.o
                0x00002876                comparaCartoes
 .text.organizaPagamentos
                0x000028a8      0x14e main.o
                0x000028a8                organizaPagamentos
 .text.removePrimeiraParcela
                0x000029f6       0x26 main.o
                0x000029f6                removePrimeiraParcela
 .text.removeSegundaParcela
                0x00002a1c        0x6 main.o
                0x00002a1c                removeSegundaParcela
 .text.removePagamentoAgendado
                0x00002a22       0xac main.o
                0x00002a22                removePagamentoAgendado
 .text.existePendencia
                0x00002ace       0x16 main.o
                0x00002ace                existePendencia
 .text.addPendencias
                0x00002ae4       0xb2 main.o
                0x00002ae4                addPendencias
 .text.verificarPendencia
                0x00002b96      0x386 main.o
                0x00002b96                verificarPendencia
 .text.removePendencias
                0x00002f1c       0xf6 main.o
                0x00002f1c                removePendencias
 .text.printNumPendencia
                0x00003012       0x84 main.o
                0x00003012                printNumPendencia
 .text.printPendencias
                0x00003096      0x110 main.o
                0x00003096                printPendencias
 .text.modoADM  0x000031a6      0x220 main.o
                0x000031a6                modoADM
 .text.enviarPedidoSerial
                0x000033c6       0x62 main.o
                0x000033c6                enviarPedidoSerial
 .text.enviarPedidoDePagamento
                0x00003428       0xe2 main.o
                0x00003428                enviarPedidoDePagamento
 .text.cobrarPagementosAgendados
                0x0000350a      0x248 main.o
                0x0000350a                cobrarPagementosAgendados
 .text.__vector_11
                0x00003752      0x130 main.o
                0x00003752                __vector_11
 .text.setTimer1_UmSeg
                0x00003882       0x2c main.o
                0x00003882                setTimer1_UmSeg
 .text.main     0x000038ae      0x17e main.o
                0x000038ae                main
 .text.libgcc.div
                0x00003a2c       0x28 c:/program files (x86)/atmel/studio/7.0/toolchain/avr8/avr8-gnu-toolchain/bin/../lib/gcc/avr/5.4.0/avr5\libgcc.a(_divmodhi4.o)
                0x00003a2c                _div
                0x00003a2c                __divmodhi4
 .text.libgcc   0x00003a54        0xc c:/program files (x86)/atmel/studio/7.0/toolchain/avr8/avr8-gnu-toolchain/bin/../lib/gcc/avr/5.4.0/avr5\libgcc.a(_tablejump2.o)
                0x00003a54                __tablejump2__
 .text.libgcc.div
                0x00003a60       0x28 c:/program files (x86)/atmel/studio/7.0/toolchain/avr8/avr8-gnu-toolchain/bin/../lib/gcc/avr/5.4.0/avr5\libgcc.a(_udivmodhi4.o)
                0x00003a60                __udivmodhi4
                0x00003a88                . = ALIGN (0x2)
 *(.fini9)
 .fini9         0x00003a88        0x0 c:/program files (x86)/atmel/studio/7.0/toolchain/avr8/avr8-gnu-toolchain/bin/../lib/gcc/avr/5.4.0/avr5\libgcc.a(_exit.o)
                0x00003a88                _exit
                0x00003a88                exit
 *(.fini9)
 *(.fini8)
 *(.fini8)
 *(.fini7)
 *(.fini7)
 *(.fini6)
 *(.fini6)
 *(.fini5)
 *(.fini5)
 *(.fini4)
 *(.fini4)
 *(.fini3)
 *(.fini3)
 *(.fini2)
 *(.fini2)
 *(.fini1)
 *(.fini1)
 *(.fini0)
 .fini0         0x00003a88        0x4 c:/program files (x86)/atmel/studio/7.0/toolchain/avr8/avr8-gnu-toolchain/bin/../lib/gcc/avr/5.4.0/avr5\libgcc.a(_exit.o)
 *(.fini0)
                0x00003a8c                _etext = .

.data           0x00800100      0x4ec load address 0x00003a8c
                0x00800100                PROVIDE (__data_start, .)
 *(.data)
 *(.data*)
 .data.statusOperadores
                0x00800100        0x2 main.o
 .data.senhaLida
                0x00800102        0x4 main.o
                0x00800102                senhaLida
 .data.senhas   0x00800106        0xc main.o
                0x00800106                senhas
 .data.userIndex
                0x00800112        0x1 main.o
                0x00800112                userIndex
 .data.teclaG   0x00800113        0x1 main.o
                0x00800113                teclaG
 *(.gnu.linkonce.d*)
 *(.rodata)
 .rodata        0x00800114       0x23 main.o
 *(.rodata*)
 .rodata.str1.1
                0x00800137      0x4b4 main.o
                                0x4b8 (size before relaxing)
 *(.gnu.linkonce.r*)
                0x008005ec                . = ALIGN (0x2)
 *fill*         0x008005eb        0x1 
                0x008005ec                _edata = .
                0x008005ec                PROVIDE (__data_end, .)

.bss            0x008005ec      0x14f
                0x008005ec                PROVIDE (__bss_start, .)
 *(.bss)
 *(.bss*)
 .bss.numPendecias
                0x008005ec        0x2 main.o
 .bss.numPagsAgendados
                0x008005ee        0x2 main.o
 .bss.valParcelaP
                0x008005f0       0x1e main.o
 .bss.cartoesP  0x0080060e       0x24 main.o
 .bss.datasVenc
                0x00800632       0x48 main.o
 .bss.valParcelaA
                0x0080067a       0x1e main.o
 .bss.cartoesA  0x00800698       0x24 main.o
 .bss.ano       0x008006bc        0x1 main.o
 .bss.mes       0x008006bd        0x1 main.o
 .bss.dia       0x008006be        0x1 main.o
 .bss.cartoesCadastrados
                0x008006bf        0x1 main.o
 .bss.saldosLocais
                0x008006c0       0x19 main.o
 .bss.cashBackCounter
                0x008006d9        0x5 main.o
 .bss.senhasLocais
                0x008006de       0x1e main.o
 .bss.numCartoesLocais
                0x008006fc       0x1e main.o
 .bss.flagRELOGIO
                0x0080071a        0x1 main.o
                0x0080071a                flagRELOGIO
 .bss.com_ext   0x0080071b        0x1 main.o
 .bss.contSerial
                0x0080071c        0x1 main.o
 .bss.telaOnOff
                0x0080071d        0x1 main.o
                0x0080071d                telaOnOff
 .bss.contTelaOff
                0x0080071e        0x1 main.o
                0x0080071e                contTelaOff
 .bss.contTelaOn
                0x0080071f        0x1 main.o
                0x0080071f                contTelaOn
 .bss.segundos  0x00800720        0x1 main.o
 .bss.minutos   0x00800721        0x1 main.o
 .bss.horas     0x00800722        0x1 main.o
 .bss.dataFUTURA
                0x00800723        0x6 main.o
 .bss.stringDATA
                0x00800729        0x9 main.o
 .bss.stringHORA
                0x00800732        0x9 main.o
 *(COMMON)
                0x0080073b                PROVIDE (__bss_end, .)
                0x00003a8c                __data_load_start = LOADADDR (.data)
                0x00003f78                __data_load_end = (__data_load_start + SIZEOF (.data))

.noinit         0x0080073b        0x0
                [!provide]                PROVIDE (__noinit_start, .)
 *(.noinit*)
                [!provide]                PROVIDE (__noinit_end, .)
                0x0080073b                _end = .
                [!provide]                PROVIDE (__heap_start, .)

.eeprom         0x00810000        0x0
 *(.eeprom*)
                0x00810000                __eeprom_end = .

.fuse
 *(.fuse)
 *(.lfuse)
 *(.hfuse)
 *(.efuse)

.lock
 *(.lock*)

.signature
 *(.signature*)

.user_signatures
 *(.user_signatures*)

.stab
 *(.stab)

.stabstr
 *(.stabstr)

.stab.excl
 *(.stab.excl)

.stab.exclstr
 *(.stab.exclstr)

.stab.index
 *(.stab.index)

.stab.indexstr
 *(.stab.indexstr)

.comment        0x00000000       0x30
 *(.comment)
 .comment       0x00000000       0x30 main.o
                                 0x31 (size before relaxing)

.note.gnu.avr.deviceinfo
                0x00000000       0x40
 .note.gnu.avr.deviceinfo
                0x00000000       0x40 C:/Program Files (x86)/Atmel/Studio/7.0/Packs/atmel/ATmega_DFP/1.6.364/gcc/dev/atmega328p/avr5/crtatmega328p.o

.note.gnu.build-id
 *(.note.gnu.build-id)

.debug
 *(.debug)

.line
 *(.line)

.debug_srcinfo
 *(.debug_srcinfo)

.debug_sfnames
 *(.debug_sfnames)

.debug_aranges  0x00000000      0x3d8
 *(.debug_aranges)
 .debug_aranges
                0x00000000      0x3d8 main.o

.debug_pubnames
 *(.debug_pubnames)

.debug_info     0x00000000     0x5af8
 *(.debug_info .gnu.linkonce.wi.*)
 .debug_info    0x00000000      0x5f4 C:/Program Files (x86)/Atmel/Studio/7.0/Packs/atmel/ATmega_DFP/1.6.364/gcc/dev/atmega328p/avr5/crtatmega328p.o
 .debug_info    0x000005f4     0x5504 main.o

.debug_abbrev   0x00000000      0x9bf
 *(.debug_abbrev)
 .debug_abbrev  0x00000000      0x5a2 C:/Program Files (x86)/Atmel/Studio/7.0/Packs/atmel/ATmega_DFP/1.6.364/gcc/dev/atmega328p/avr5/crtatmega328p.o
 .debug_abbrev  0x000005a2      0x41d main.o

.debug_line     0x00000000     0x3902
 *(.debug_line .debug_line.* .debug_line_end)
 .debug_line    0x00000000      0x134 C:/Program Files (x86)/Atmel/Studio/7.0/Packs/atmel/ATmega_DFP/1.6.364/gcc/dev/atmega328p/avr5/crtatmega328p.o
 .debug_line    0x00000134     0x37ce main.o

.debug_frame    0x00000000      0xc18
 *(.debug_frame)
 .debug_frame   0x00000000      0xc18 main.o

.debug_str      0x00000000      0xf8f
 *(.debug_str)
 .debug_str     0x00000000      0x208 C:/Program Files (x86)/Atmel/Studio/7.0/Packs/atmel/ATmega_DFP/1.6.364/gcc/dev/atmega328p/avr5/crtatmega328p.o
 .debug_str     0x00000208      0xd87 main.o
                                0xe1a (size before relaxing)

.debug_loc      0x00000000     0x44cf
 *(.debug_loc)
 .debug_loc     0x00000000     0x44cf main.o

.debug_macinfo
 *(.debug_macinfo)

.debug_weaknames
 *(.debug_weaknames)

.debug_funcnames
 *(.debug_funcnames)

.debug_typenames
 *(.debug_typenames)

.debug_varnames
 *(.debug_varnames)

.debug_pubtypes
 *(.debug_pubtypes)

.debug_ranges   0x00000000      0x3f8
 *(.debug_ranges)
 .debug_ranges  0x00000000      0x3f8 main.o

.debug_macro
 *(.debug_macro)
OUTPUT(mic_pay.elf elf32-avr)
LOAD linker stubs
