Archive member included to satisfy reference by file (symbol)

c:/program files (x86)/atmel/studio/7.0/toolchain/avr8/avr8-gnu-toolchain/bin/../lib/gcc/avr/5.4.0/avr5\libgcc.a(_divmodhi4.o)
                              main.o (__divmodhi4)
c:/program files (x86)/atmel/studio/7.0/toolchain/avr8/avr8-gnu-toolchain/bin/../lib/gcc/avr/5.4.0/avr5\libgcc.a(_exit.o)
                              C:/Program Files (x86)/Atmel/Studio/7.0/Packs/atmel/ATmega_DFP/1.6.364/gcc/dev/atmega328p/avr5/crtatmega328p.o (exit)
c:/program files (x86)/atmel/studio/7.0/toolchain/avr8/avr8-gnu-toolchain/bin/../lib/gcc/avr/5.4.0/avr5\libgcc.a(_tablejump2.o)
                              main.o (__tablejump2__)
c:/program files (x86)/atmel/studio/7.0/toolchain/avr8/avr8-gnu-toolchain/bin/../lib/gcc/avr/5.4.0/avr5\libgcc.a(_copy_data.o)
                              main.o (__do_copy_data)
c:/program files (x86)/atmel/studio/7.0/toolchain/avr8/avr8-gnu-toolchain/bin/../lib/gcc/avr/5.4.0/avr5\libgcc.a(_clear_bss.o)
                              main.o (__do_clear_bss)
c:/program files (x86)/atmel/studio/7.0/toolchain/avr8/avr8-gnu-toolchain/bin/../lib/gcc/avr/5.4.0/avr5\libgcc.a(_udivmodhi4.o)
                              c:/program files (x86)/atmel/studio/7.0/toolchain/avr8/avr8-gnu-toolchain/bin/../lib/gcc/avr/5.4.0/avr5\libgcc.a(_divmodhi4.o) (__udivmodhi4)

Discarded input sections

 .data          0x00000000        0x0 C:/Program Files (x86)/Atmel/Studio/7.0/Packs/atmel/ATmega_DFP/1.6.364/gcc/dev/atmega328p/avr5/crtatmega328p.o
 .bss           0x00000000        0x0 C:/Program Files (x86)/Atmel/Studio/7.0/Packs/atmel/ATmega_DFP/1.6.364/gcc/dev/atmega328p/avr5/crtatmega328p.o
 .text          0x00000000        0x0 main.o
 .data          0x00000000        0x0 main.o
 .bss           0x00000000        0x0 main.o
 .text.atualizaSenha
                0x00000000       0x3c main.o
 .text.adicionaSaldo
                0x00000000        0x2 main.o
 .text.transforma_int
                0x00000000       0x12 main.o
 .text.setupBotoes
                0x00000000        0x2 main.o
 .text.enableDelayT1
                0x00000000       0x1e main.o
 .text.delay    0x00000000       0x16 main.o
 .text.mostraSaldoNaSerial
                0x00000000       0x5e main.o
 .text.getNumPendecias
                0x00000000        0x6 main.o
 .data.controle
                0x00000000        0x2 main.o
 .text          0x00000000        0x0 c:/program files (x86)/atmel/studio/7.0/toolchain/avr8/avr8-gnu-toolchain/bin/../lib/gcc/avr/5.4.0/avr5\libgcc.a(_divmodhi4.o)
 .data          0x00000000        0x0 c:/program files (x86)/atmel/studio/7.0/toolchain/avr8/avr8-gnu-toolchain/bin/../lib/gcc/avr/5.4.0/avr5\libgcc.a(_divmodhi4.o)
 .bss           0x00000000        0x0 c:/program files (x86)/atmel/studio/7.0/toolchain/avr8/avr8-gnu-toolchain/bin/../lib/gcc/avr/5.4.0/avr5\libgcc.a(_divmodhi4.o)
 .text.libgcc.mul
                0x00000000        0x0 c:/program files (x86)/atmel/studio/7.0/toolchain/avr8/avr8-gnu-toolchain/bin/../lib/gcc/avr/5.4.0/avr5\libgcc.a(_divmodhi4.o)
 .text.libgcc   0x00000000        0x0 c:/program files (x86)/atmel/studio/7.0/toolchain/avr8/avr8-gnu-toolchain/bin/../lib/gcc/avr/5.4.0/avr5\libgcc.a(_divmodhi4.o)
 .text.libgcc.prologue
                0x00000000        0x0 c:/program files (x86)/atmel/studio/7.0/toolchain/avr8/avr8-gnu-toolchain/bin/../lib/gcc/avr/5.4.0/avr5\libgcc.a(_divmodhi4.o)
 .text.libgcc.builtins
                0x00000000        0x0 c:/program files (x86)/atmel/studio/7.0/toolchain/avr8/avr8-gnu-toolchain/bin/../lib/gcc/avr/5.4.0/avr5\libgcc.a(_divmodhi4.o)
 .text.libgcc.fmul
                0x00000000        0x0 c:/program files (x86)/atmel/studio/7.0/toolchain/avr8/avr8-gnu-toolchain/bin/../lib/gcc/avr/5.4.0/avr5\libgcc.a(_divmodhi4.o)
 .text.libgcc.fixed
                0x00000000        0x0 c:/program files (x86)/atmel/studio/7.0/toolchain/avr8/avr8-gnu-toolchain/bin/../lib/gcc/avr/5.4.0/avr5\libgcc.a(_divmodhi4.o)
 .text          0x00000000        0x0 c:/program files (x86)/atmel/studio/7.0/toolchain/avr8/avr8-gnu-toolchain/bin/../lib/gcc/avr/5.4.0/avr5\libgcc.a(_exit.o)
 .data          0x00000000        0x0 c:/program files (x86)/atmel/studio/7.0/toolchain/avr8/avr8-gnu-toolchain/bin/../lib/gcc/avr/5.4.0/avr5\libgcc.a(_exit.o)
 .bss           0x00000000        0x0 c:/program files (x86)/atmel/studio/7.0/toolchain/avr8/avr8-gnu-toolchain/bin/../lib/gcc/avr/5.4.0/avr5\libgcc.a(_exit.o)
 .text.libgcc.mul
                0x00000000        0x0 c:/program files (x86)/atmel/studio/7.0/toolchain/avr8/avr8-gnu-toolchain/bin/../lib/gcc/avr/5.4.0/avr5\libgcc.a(_exit.o)
 .text.libgcc.div
                0x00000000        0x0 c:/program files (x86)/atmel/studio/7.0/toolchain/avr8/avr8-gnu-toolchain/bin/../lib/gcc/avr/5.4.0/avr5\libgcc.a(_exit.o)
 .text.libgcc   0x00000000        0x0 c:/program files (x86)/atmel/studio/7.0/toolchain/avr8/avr8-gnu-toolchain/bin/../lib/gcc/avr/5.4.0/avr5\libgcc.a(_exit.o)
 .text.libgcc.prologue
                0x00000000        0x0 c:/program files (x86)/atmel/studio/7.0/toolchain/avr8/avr8-gnu-toolchain/bin/../lib/gcc/avr/5.4.0/avr5\libgcc.a(_exit.o)
 .text.libgcc.builtins
                0x00000000        0x0 c:/program files (x86)/atmel/studio/7.0/toolchain/avr8/avr8-gnu-toolchain/bin/../lib/gcc/avr/5.4.0/avr5\libgcc.a(_exit.o)
 .text.libgcc.fmul
                0x00000000        0x0 c:/program files (x86)/atmel/studio/7.0/toolchain/avr8/avr8-gnu-toolchain/bin/../lib/gcc/avr/5.4.0/avr5\libgcc.a(_exit.o)
 .text.libgcc.fixed
                0x00000000        0x0 c:/program files (x86)/atmel/studio/7.0/toolchain/avr8/avr8-gnu-toolchain/bin/../lib/gcc/avr/5.4.0/avr5\libgcc.a(_exit.o)
 .text          0x00000000        0x0 c:/program files (x86)/atmel/studio/7.0/toolchain/avr8/avr8-gnu-toolchain/bin/../lib/gcc/avr/5.4.0/avr5\libgcc.a(_tablejump2.o)
 .data          0x00000000        0x0 c:/program files (x86)/atmel/studio/7.0/toolchain/avr8/avr8-gnu-toolchain/bin/../lib/gcc/avr/5.4.0/avr5\libgcc.a(_tablejump2.o)
 .bss           0x00000000        0x0 c:/program files (x86)/atmel/studio/7.0/toolchain/avr8/avr8-gnu-toolchain/bin/../lib/gcc/avr/5.4.0/avr5\libgcc.a(_tablejump2.o)
 .text.libgcc.mul
                0x00000000        0x0 c:/program files (x86)/atmel/studio/7.0/toolchain/avr8/avr8-gnu-toolchain/bin/../lib/gcc/avr/5.4.0/avr5\libgcc.a(_tablejump2.o)
 .text.libgcc.div
                0x00000000        0x0 c:/program files (x86)/atmel/studio/7.0/toolchain/avr8/avr8-gnu-toolchain/bin/../lib/gcc/avr/5.4.0/avr5\libgcc.a(_tablejump2.o)
 .text.libgcc.prologue
                0x00000000        0x0 c:/program files (x86)/atmel/studio/7.0/toolchain/avr8/avr8-gnu-toolchain/bin/../lib/gcc/avr/5.4.0/avr5\libgcc.a(_tablejump2.o)
 .text.libgcc.builtins
                0x00000000        0x0 c:/program files (x86)/atmel/studio/7.0/toolchain/avr8/avr8-gnu-toolchain/bin/../lib/gcc/avr/5.4.0/avr5\libgcc.a(_tablejump2.o)
 .text.libgcc.fmul
                0x00000000        0x0 c:/program files (x86)/atmel/studio/7.0/toolchain/avr8/avr8-gnu-toolchain/bin/../lib/gcc/avr/5.4.0/avr5\libgcc.a(_tablejump2.o)
 .text.libgcc.fixed
                0x00000000        0x0 c:/program files (x86)/atmel/studio/7.0/toolchain/avr8/avr8-gnu-toolchain/bin/../lib/gcc/avr/5.4.0/avr5\libgcc.a(_tablejump2.o)
 .text          0x00000000        0x0 c:/program files (x86)/atmel/studio/7.0/toolchain/avr8/avr8-gnu-toolchain/bin/../lib/gcc/avr/5.4.0/avr5\libgcc.a(_copy_data.o)
 .data          0x00000000        0x0 c:/program files (x86)/atmel/studio/7.0/toolchain/avr8/avr8-gnu-toolchain/bin/../lib/gcc/avr/5.4.0/avr5\libgcc.a(_copy_data.o)
 .bss           0x00000000        0x0 c:/program files (x86)/atmel/studio/7.0/toolchain/avr8/avr8-gnu-toolchain/bin/../lib/gcc/avr/5.4.0/avr5\libgcc.a(_copy_data.o)
 .text.libgcc.mul
                0x00000000        0x0 c:/program files (x86)/atmel/studio/7.0/toolchain/avr8/avr8-gnu-toolchain/bin/../lib/gcc/avr/5.4.0/avr5\libgcc.a(_copy_data.o)
 .text.libgcc.div
                0x00000000        0x0 c:/program files (x86)/atmel/studio/7.0/toolchain/avr8/avr8-gnu-toolchain/bin/../lib/gcc/avr/5.4.0/avr5\libgcc.a(_copy_data.o)
 .text.libgcc   0x00000000        0x0 c:/program files (x86)/atmel/studio/7.0/toolchain/avr8/avr8-gnu-toolchain/bin/../lib/gcc/avr/5.4.0/avr5\libgcc.a(_copy_data.o)
 .text.libgcc.prologue
                0x00000000        0x0 c:/program files (x86)/atmel/studio/7.0/toolchain/avr8/avr8-gnu-toolchain/bin/../lib/gcc/avr/5.4.0/avr5\libgcc.a(_copy_data.o)
 .text.libgcc.builtins
                0x00000000        0x0 c:/program files (x86)/atmel/studio/7.0/toolchain/avr8/avr8-gnu-toolchain/bin/../lib/gcc/avr/5.4.0/avr5\libgcc.a(_copy_data.o)
 .text.libgcc.fmul
                0x00000000        0x0 c:/program files (x86)/atmel/studio/7.0/toolchain/avr8/avr8-gnu-toolchain/bin/../lib/gcc/avr/5.4.0/avr5\libgcc.a(_copy_data.o)
 .text.libgcc.fixed
                0x00000000        0x0 c:/program files (x86)/atmel/studio/7.0/toolchain/avr8/avr8-gnu-toolchain/bin/../lib/gcc/avr/5.4.0/avr5\libgcc.a(_copy_data.o)
 .text          0x00000000        0x0 c:/program files (x86)/atmel/studio/7.0/toolchain/avr8/avr8-gnu-toolchain/bin/../lib/gcc/avr/5.4.0/avr5\libgcc.a(_clear_bss.o)
 .data          0x00000000        0x0 c:/program files (x86)/atmel/studio/7.0/toolchain/avr8/avr8-gnu-toolchain/bin/../lib/gcc/avr/5.4.0/avr5\libgcc.a(_clear_bss.o)
 .bss           0x00000000        0x0 c:/program files (x86)/atmel/studio/7.0/toolchain/avr8/avr8-gnu-toolchain/bin/../lib/gcc/avr/5.4.0/avr5\libgcc.a(_clear_bss.o)
 .text.libgcc.mul
                0x00000000        0x0 c:/program files (x86)/atmel/studio/7.0/toolchain/avr8/avr8-gnu-toolchain/bin/../lib/gcc/avr/5.4.0/avr5\libgcc.a(_clear_bss.o)
 .text.libgcc.div
                0x00000000        0x0 c:/program files (x86)/atmel/studio/7.0/toolchain/avr8/avr8-gnu-toolchain/bin/../lib/gcc/avr/5.4.0/avr5\libgcc.a(_clear_bss.o)
 .text.libgcc   0x00000000        0x0 c:/program files (x86)/atmel/studio/7.0/toolchain/avr8/avr8-gnu-toolchain/bin/../lib/gcc/avr/5.4.0/avr5\libgcc.a(_clear_bss.o)
 .text.libgcc.prologue
                0x00000000        0x0 c:/program files (x86)/atmel/studio/7.0/toolchain/avr8/avr8-gnu-toolchain/bin/../lib/gcc/avr/5.4.0/avr5\libgcc.a(_clear_bss.o)
 .text.libgcc.builtins
                0x00000000        0x0 c:/program files (x86)/atmel/studio/7.0/toolchain/avr8/avr8-gnu-toolchain/bin/../lib/gcc/avr/5.4.0/avr5\libgcc.a(_clear_bss.o)
 .text.libgcc.fmul
                0x00000000        0x0 c:/program files (x86)/atmel/studio/7.0/toolchain/avr8/avr8-gnu-toolchain/bin/../lib/gcc/avr/5.4.0/avr5\libgcc.a(_clear_bss.o)
 .text.libgcc.fixed
                0x00000000        0x0 c:/program files (x86)/atmel/studio/7.0/toolchain/avr8/avr8-gnu-toolchain/bin/../lib/gcc/avr/5.4.0/avr5\libgcc.a(_clear_bss.o)
 .text          0x00000000        0x0 c:/program files (x86)/atmel/studio/7.0/toolchain/avr8/avr8-gnu-toolchain/bin/../lib/gcc/avr/5.4.0/avr5\libgcc.a(_udivmodhi4.o)
 .data          0x00000000        0x0 c:/program files (x86)/atmel/studio/7.0/toolchain/avr8/avr8-gnu-toolchain/bin/../lib/gcc/avr/5.4.0/avr5\libgcc.a(_udivmodhi4.o)
 .bss           0x00000000        0x0 c:/program files (x86)/atmel/studio/7.0/toolchain/avr8/avr8-gnu-toolchain/bin/../lib/gcc/avr/5.4.0/avr5\libgcc.a(_udivmodhi4.o)
 .text.libgcc.mul
                0x00000000        0x0 c:/program files (x86)/atmel/studio/7.0/toolchain/avr8/avr8-gnu-toolchain/bin/../lib/gcc/avr/5.4.0/avr5\libgcc.a(_udivmodhi4.o)
 .text.libgcc   0x00000000        0x0 c:/program files (x86)/atmel/studio/7.0/toolchain/avr8/avr8-gnu-toolchain/bin/../lib/gcc/avr/5.4.0/avr5\libgcc.a(_udivmodhi4.o)
 .text.libgcc.prologue
                0x00000000        0x0 c:/program files (x86)/atmel/studio/7.0/toolchain/avr8/avr8-gnu-toolchain/bin/../lib/gcc/avr/5.4.0/avr5\libgcc.a(_udivmodhi4.o)
 .text.libgcc.builtins
                0x00000000        0x0 c:/program files (x86)/atmel/studio/7.0/toolchain/avr8/avr8-gnu-toolchain/bin/../lib/gcc/avr/5.4.0/avr5\libgcc.a(_udivmodhi4.o)
 .text.libgcc.fmul
                0x00000000        0x0 c:/program files (x86)/atmel/studio/7.0/toolchain/avr8/avr8-gnu-toolchain/bin/../lib/gcc/avr/5.4.0/avr5\libgcc.a(_udivmodhi4.o)
 .text.libgcc.fixed
                0x00000000        0x0 c:/program files (x86)/atmel/studio/7.0/toolchain/avr8/avr8-gnu-toolchain/bin/../lib/gcc/avr/5.4.0/avr5\libgcc.a(_udivmodhi4.o)

Memory Configuration

Name             Origin             Length             Attributes
text             0x00000000         0x00008000         xr
data             0x00800100         0x00000800         rw !x
eeprom           0x00810000         0x00000400         rw !x
fuse             0x00820000         0x00000003         rw !x
lock             0x00830000         0x00000400         rw !x
signature        0x00840000         0x00000400         rw !x
user_signatures  0x00850000         0x00000400         rw !x
*default*        0x00000000         0xffffffff

Linker script and memory map

Address of section .data set to 0x800100
LOAD C:/Program Files (x86)/Atmel/Studio/7.0/Packs/atmel/ATmega_DFP/1.6.364/gcc/dev/atmega328p/avr5/crtatmega328p.o
LOAD main.o
START GROUP
LOAD c:/program files (x86)/atmel/studio/7.0/toolchain/avr8/avr8-gnu-toolchain/bin/../lib/gcc/avr/5.4.0/../../../../avr/lib/avr5\libm.a
END GROUP
START GROUP
LOAD c:/program files (x86)/atmel/studio/7.0/toolchain/avr8/avr8-gnu-toolchain/bin/../lib/gcc/avr/5.4.0/avr5\libgcc.a
LOAD c:/program files (x86)/atmel/studio/7.0/toolchain/avr8/avr8-gnu-toolchain/bin/../lib/gcc/avr/5.4.0/../../../../avr/lib/avr5\libm.a
LOAD c:/program files (x86)/atmel/studio/7.0/toolchain/avr8/avr8-gnu-toolchain/bin/../lib/gcc/avr/5.4.0/../../../../avr/lib/avr5\libc.a
LOAD C:/Program Files (x86)/Atmel/Studio/7.0/Packs/atmel/ATmega_DFP/1.6.364/gcc/dev/atmega328p/avr5\libatmega328p.a
END GROUP
                0x00000000                __TEXT_REGION_ORIGIN__ = DEFINED (__TEXT_REGION_ORIGIN__)?__TEXT_REGION_ORIGIN__:0x0
                [0x00800100]                __DATA_REGION_ORIGIN__ = DEFINED (__DATA_REGION_ORIGIN__)?__DATA_REGION_ORIGIN__:0x800060
                [0x00008000]                __TEXT_REGION_LENGTH__ = DEFINED (__TEXT_REGION_LENGTH__)?__TEXT_REGION_LENGTH__:0x20000
                [0x00000800]                __DATA_REGION_LENGTH__ = DEFINED (__DATA_REGION_LENGTH__)?__DATA_REGION_LENGTH__:0xffa0
                [0x00000400]                __EEPROM_REGION_LENGTH__ = DEFINED (__EEPROM_REGION_LENGTH__)?__EEPROM_REGION_LENGTH__:0x10000
                [0x00000003]                __FUSE_REGION_LENGTH__ = DEFINED (__FUSE_REGION_LENGTH__)?__FUSE_REGION_LENGTH__:0x400
                0x00000400                __LOCK_REGION_LENGTH__ = DEFINED (__LOCK_REGION_LENGTH__)?__LOCK_REGION_LENGTH__:0x400
                0x00000400                __SIGNATURE_REGION_LENGTH__ = DEFINED (__SIGNATURE_REGION_LENGTH__)?__SIGNATURE_REGION_LENGTH__:0x400
                0x00000400                __USER_SIGNATURE_REGION_LENGTH__ = DEFINED (__USER_SIGNATURE_REGION_LENGTH__)?__USER_SIGNATURE_REGION_LENGTH__:0x400

.hash
 *(.hash)

.dynsym
 *(.dynsym)

.dynstr
 *(.dynstr)

.gnu.version
 *(.gnu.version)

.gnu.version_d
 *(.gnu.version_d)

.gnu.version_r
 *(.gnu.version_r)

.rel.init
 *(.rel.init)

.rela.init
 *(.rela.init)

.rel.text
 *(.rel.text)
 *(.rel.text.*)
 *(.rel.gnu.linkonce.t*)

.rela.text
 *(.rela.text)
 *(.rela.text.*)
 *(.rela.gnu.linkonce.t*)

.rel.fini
 *(.rel.fini)

.rela.fini
 *(.rela.fini)

.rel.rodata
 *(.rel.rodata)
 *(.rel.rodata.*)
 *(.rel.gnu.linkonce.r*)

.rela.rodata
 *(.rela.rodata)
 *(.rela.rodata.*)
 *(.rela.gnu.linkonce.r*)

.rel.data
 *(.rel.data)
 *(.rel.data.*)
 *(.rel.gnu.linkonce.d*)

.rela.data
 *(.rela.data)
 *(.rela.data.*)
 *(.rela.gnu.linkonce.d*)

.rel.ctors
 *(.rel.ctors)

.rela.ctors
 *(.rela.ctors)

.rel.dtors
 *(.rel.dtors)

.rela.dtors
 *(.rela.dtors)

.rel.got
 *(.rel.got)

.rela.got
 *(.rela.got)

.rel.bss
 *(.rel.bss)

.rela.bss
 *(.rela.bss)

.rel.plt
 *(.rel.plt)

.rela.plt
 *(.rela.plt)

.text           0x00000000     0x3894
 *(.vectors)
 .vectors       0x00000000       0x68 C:/Program Files (x86)/Atmel/Studio/7.0/Packs/atmel/ATmega_DFP/1.6.364/gcc/dev/atmega328p/avr5/crtatmega328p.o
                0x00000000                __vector_default
                0x00000000                __vectors
 *(.vectors)
 *(.progmem.gcc*)
 .progmem.gcc_sw_table.updateDate
                0x00000068       0x18 main.o
 .progmem.gcc_sw_table.acao_tecla
                0x00000080       0x18 main.o
                0x00000098                . = ALIGN (0x2)
                0x00000098                __trampolines_start = .
 *(.trampolines)
 .trampolines   0x00000098        0x0 linker stubs
 *(.trampolines*)
                0x00000098                __trampolines_end = .
 *libprintf_flt.a:*(.progmem.data)
 *libc.a:*(.progmem.data)
 *(.progmem*)
                0x00000098                . = ALIGN (0x2)
 *(.jumptables)
 *(.jumptables*)
 *(.lowtext)
 *(.lowtext*)
                0x00000098                __ctors_start = .
 *(.ctors)
                0x00000098                __ctors_end = .
                0x00000098                __dtors_start = .
 *(.dtors)
                0x00000098                __dtors_end = .
 SORT(*)(.ctors)
 SORT(*)(.dtors)
 *(.init0)
 .init0         0x00000098        0x0 C:/Program Files (x86)/Atmel/Studio/7.0/Packs/atmel/ATmega_DFP/1.6.364/gcc/dev/atmega328p/avr5/crtatmega328p.o
                0x00000098                __init
 *(.init0)
 *(.init1)
 *(.init1)
 *(.init2)
 .init2         0x00000098        0xc C:/Program Files (x86)/Atmel/Studio/7.0/Packs/atmel/ATmega_DFP/1.6.364/gcc/dev/atmega328p/avr5/crtatmega328p.o
 *(.init2)
 *(.init3)
 *(.init3)
 *(.init4)
 .init4         0x000000a4       0x16 c:/program files (x86)/atmel/studio/7.0/toolchain/avr8/avr8-gnu-toolchain/bin/../lib/gcc/avr/5.4.0/avr5\libgcc.a(_copy_data.o)
                0x000000a4                __do_copy_data
 .init4         0x000000ba       0x10 c:/program files (x86)/atmel/studio/7.0/toolchain/avr8/avr8-gnu-toolchain/bin/../lib/gcc/avr/5.4.0/avr5\libgcc.a(_clear_bss.o)
                0x000000ba                __do_clear_bss
 *(.init4)
 *(.init5)
 *(.init5)
 *(.init6)
 *(.init6)
 *(.init7)
 *(.init7)
 *(.init8)
 *(.init8)
 *(.init9)
 .init9         0x000000ca        0x8 C:/Program Files (x86)/Atmel/Studio/7.0/Packs/atmel/ATmega_DFP/1.6.364/gcc/dev/atmega328p/avr5/crtatmega328p.o
 *(.init9)
 *(.text)
 .text          0x000000d2        0x4 C:/Program Files (x86)/Atmel/Studio/7.0/Packs/atmel/ATmega_DFP/1.6.364/gcc/dev/atmega328p/avr5/crtatmega328p.o
                0x000000d2                __vector_22
                0x000000d2                __vector_1
                0x000000d2                __vector_24
                0x000000d2                __vector_12
                0x000000d2                __bad_interrupt
                0x000000d2                __vector_6
                0x000000d2                __vector_3
                0x000000d2                __vector_23
                0x000000d2                __vector_25
                0x000000d2                __vector_13
                0x000000d2                __vector_17
                0x000000d2                __vector_19
                0x000000d2                __vector_7
                0x000000d2                __vector_5
                0x000000d2                __vector_4
                0x000000d2                __vector_9
                0x000000d2                __vector_2
                0x000000d2                __vector_21
                0x000000d2                __vector_15
                0x000000d2                __vector_8
                0x000000d2                __vector_14
                0x000000d2                __vector_10
                0x000000d2                __vector_16
                0x000000d2                __vector_18
                0x000000d2                __vector_20
                0x000000d6                . = ALIGN (0x2)
 *(.text.*)
 .text.anoZero  0x000000d6       0x36 main.o
                0x000000d6                anoZero
 .text.changeDate
                0x0000010c      0x144 main.o
                0x0000010c                changeDate
 .text.sumDate  0x00000250       0xd6 main.o
                0x00000250                sumDate
 .text.atualizaMesAno
                0x00000326       0x2e main.o
                0x00000326                atualizaMesAno
 .text.updateDate
                0x00000354       0x8c main.o
                0x00000354                updateDate
 .text.AtualizaStringHora
                0x000003e0       0x7a main.o
                0x000003e0                AtualizaStringHora
 .text.AtualizaStringData
                0x0000045a       0x7a main.o
                0x0000045a                AtualizaStringData
 .text.AtualizaStringDataHora
                0x000004d4        0xa main.o
                0x000004d4                AtualizaStringDataHora
 .text.verificarContasLocais
                0x000004de       0x52 main.o
                0x000004de                verificarContasLocais
 .text.verificaCashBack
                0x00000530       0x16 main.o
                0x00000530                verificaCashBack
 .text.carregaSaldo
                0x00000546       0x3a main.o
                0x00000546                carregaSaldo
 .text.carregaNumCartao
                0x00000580       0x3a main.o
                0x00000580                carregaNumCartao
 .text.carregaSenha
                0x000005ba       0x3a main.o
                0x000005ba                carregaSenha
 .text.addCartao
                0x000005f4       0x4a main.o
                0x000005f4                addCartao
 .text.subtraiSaldo
                0x0000063e      0x162 main.o
                0x0000063e                subtraiSaldo
 .text.verificaSaldo
                0x000007a0      0x17a main.o
                0x000007a0                verificaSaldo
 .text.verificaSenha
                0x0000091a       0x4e main.o
                0x0000091a                verificaSenha
 .text.executarVendaInterna
                0x00000968       0x68 main.o
                0x00000968                executarVendaInterna
 .text.formata_valor
                0x000009d0       0xa6 main.o
                0x000009d0                formata_valor
 .text.tecla_lida
                0x00000a76       0x76 main.o
                0x00000a76                tecla_lida
 .text.teclaDebouce
                0x00000aec       0x3c main.o
                0x00000aec                teclaDebouce
 .text.acao_tecla
                0x00000b28       0x46 main.o
                0x00000b28                acao_tecla
 .text.USART_INIT
                0x00000b6e       0x16 main.o
                0x00000b6e                USART_INIT
 .text.USART_envia
                0x00000b84        0xe main.o
                0x00000b84                USART_envia
 .text.verificaSerial
                0x00000b92       0x20 main.o
                0x00000b92                verificaSerial
 .text.write    0x00000bb2       0x5e main.o
                0x00000bb2                write
 .text.writeCharacter
                0x00000c10       0x24 main.o
                0x00000c10                writeCharacter
 .text.writeString
                0x00000c34       0x52 main.o
                0x00000c34                writeString
 .text.writeInstruction
                0x00000c86       0x2c main.o
                0x00000c86                writeInstruction
 .text.recebe_valor
                0x00000cb2       0xac main.o
                0x00000cb2                recebe_valor
 .text.setup_lcd
                0x00000d5e       0x4a main.o
                0x00000d5e                setup_lcd
 .text.validarSenha
                0x00000da8       0x38 main.o
                0x00000da8                validarSenha
 .text.lerSenha
                0x00000de0       0xc0 main.o
                0x00000de0                lerSenha
 .text.menu_vendas
                0x00000ea0       0x24 main.o
                0x00000ea0                menu_vendas
 .text.tela_bloqueio_inicial
                0x00000ec4       0x30 main.o
                0x00000ec4                tela_bloqueio_inicial
 .text.menu_pagamento
                0x00000ef4       0x24 main.o
                0x00000ef4                menu_pagamento
 .text.metodo_pagamento
                0x00000f18       0x10 main.o
                0x00000f18                metodo_pagamento
 .text.menu_cartao
                0x00000f28       0x24 main.o
                0x00000f28                menu_cartao
 .text.tela_OK  0x00000f4c       0x36 main.o
                0x00000f4c                tela_OK
 .text.tela_CF  0x00000f82       0x36 main.o
                0x00000f82                tela_CF
 .text.tela_SI  0x00000fb8       0x36 main.o
                0x00000fb8                tela_SI
 .text.tela_SF  0x00000fee       0x36 main.o
                0x00000fee                tela_SF
 .text.login    0x00001024       0xca main.o
                0x00001024                login
 .text.tela_cartaoEstorno
                0x000010ee       0x1c main.o
                0x000010ee                tela_cartaoEstorno
 .text.tela_valorEstorno
                0x0000110a       0x24 main.o
                0x0000110a                tela_valorEstorno
 .text.tela_estorno
                0x0000112e       0x1c main.o
                0x0000112e                tela_estorno
 .text.tela_vendaAvista
                0x0000114a       0x24 main.o
                0x0000114a                tela_vendaAvista
 .text.tela_vendaParcelada
                0x0000116e       0x24 main.o
                0x0000116e                tela_vendaParcelada
 .text.tela_vendaInterna
                0x00001192       0x7a main.o
                0x00001192                tela_vendaInterna
 .text.tela_nParcelas
                0x0000120c       0x1c main.o
                0x0000120c                tela_nParcelas
 .text.n_parcelas
                0x00001228       0x8c main.o
                0x00001228                n_parcelas
 .text.tela_senhaCartao
                0x000012b4       0x1c main.o
                0x000012b4                tela_senhaCartao
 .text.recebe_senha
                0x000012d0       0x90 main.o
                0x000012d0                recebe_senha
 .text.tela_numCartao
                0x00001360       0x1c main.o
                0x00001360                tela_numCartao
 .text.recebe_cartao
                0x0000137c       0x98 main.o
                0x0000137c                recebe_cartao
 .text.tela_processandoVenda
                0x00001414       0x24 main.o
                0x00001414                tela_processandoVenda
 .text.tela_processandoVenda2
                0x00001438       0x24 main.o
                0x00001438                tela_processandoVenda2
 .text.tela_processandoVenda3
                0x0000145c       0x24 main.o
                0x0000145c                tela_processandoVenda3
 .text.menuADM  0x00001480       0x64 main.o
                0x00001480                menuADM
 .text.tela_instrucoes_configOper
                0x000014e4       0x36 main.o
                0x000014e4                tela_instrucoes_configOper
 .text.tela_continuar_modo_atual
                0x0000151a       0x24 main.o
                0x0000151a                tela_continuar_modo_atual
 .text.continuar_modo_atual
                0x0000153e       0x2e main.o
                0x0000153e                continuar_modo_atual
 .text.tela_instrucoes_configDiaMesAno
                0x0000156c       0x58 main.o
                0x0000156c                tela_instrucoes_configDiaMesAno
 .text.tela_instrucoes_configHoraMinSeg
                0x000015c4       0x58 main.o
                0x000015c4                tela_instrucoes_configHoraMinSeg
 .text.tela_operacaoConcluida
                0x0000161c       0x36 main.o
                0x0000161c                tela_operacaoConcluida
 .text.tela_dataInvalida
                0x00001652       0x36 main.o
                0x00001652                tela_dataInvalida
 .text.tela_operadorDesabilitado
                0x00001688       0x44 main.o
                0x00001688                tela_operadorDesabilitado
 .text.tela_semPendencias
                0x000016cc       0x36 main.o
                0x000016cc                tela_semPendencias
 .text.tela_opcaoInvalida
                0x00001702       0x36 main.o
                0x00001702                tela_opcaoInvalida
 .text.tela_cobrarPagAgendado
                0x00001738       0x36 main.o
                0x00001738                tela_cobrarPagAgendado
 .text.tela_AguardandoPagAgendado
                0x0000176e       0x36 main.o
                0x0000176e                tela_AguardandoPagAgendado
 .text.tela_instrucoes_remPendencia
                0x000017a4       0x36 main.o
                0x000017a4                tela_instrucoes_remPendencia
 .text.tela_infos_printPend
                0x000017da       0x36 main.o
                0x000017da                tela_infos_printPend
 .text.tela_dataAtual
                0x00001810       0x54 main.o
                0x00001810                tela_dataAtual
 .text.tela_erroCom
                0x00001864       0x36 main.o
                0x00001864                tela_erroCom
 .text.USART_recebe
                0x0000189a       0x48 main.o
                0x0000189a                USART_recebe
 .text.aguarda_cartao
                0x000018e2       0x46 main.o
                0x000018e2                aguarda_cartao
 .text.requisicao_externa
                0x00001928      0x288 main.o
                0x00001928                requisicao_externa
 .text.processa_estorno
                0x00001bb0       0xba main.o
                0x00001bb0                processa_estorno
 .text.estorno  0x00001c6a       0xfc main.o
                0x00001c6a                estorno
 .text.processa_pagamento
                0x00001d66      0x158 main.o
                0x00001d66                processa_pagamento
 .text.venda_avista
                0x00001ebe       0xae main.o
                0x00001ebe                venda_avista
 .text.mudarStatusOper
                0x00001f6c       0x2c main.o
                0x00001f6c                mudarStatusOper
 .text.tela_status_oper
                0x00001f98       0x52 main.o
                0x00001f98                tela_status_oper
 .text.getOperStatus
                0x00001fea        0xc main.o
                0x00001fea                getOperStatus
 .text.getDiaMesAno
                0x00001ff6      0x1f2 main.o
                0x00001ff6                getDiaMesAno
 .text.getHoraMinSeg
                0x000021e8      0x1f8 main.o
                0x000021e8                getHoraMinSeg
 .text.addPagamentoAgendado
                0x000023e0       0xd4 main.o
                0x000023e0                addPagamentoAgendado
 .text.venda_parcelada
                0x000024b4      0x224 main.o
                0x000024b4                venda_parcelada
 .text.processa_venda
                0x000026d8       0x22 main.o
                0x000026d8                processa_venda
 .text.comparaCartoes
                0x000026fa       0x32 main.o
                0x000026fa                comparaCartoes
 .text.organizaPagamentos
                0x0000272c      0x14e main.o
                0x0000272c                organizaPagamentos
 .text.removePrimeiraParcela
                0x0000287a       0x26 main.o
                0x0000287a                removePrimeiraParcela
 .text.removeSegundaParcela
                0x000028a0        0x6 main.o
                0x000028a0                removeSegundaParcela
 .text.removePagamentoAgendado
                0x000028a6       0xac main.o
                0x000028a6                removePagamentoAgendado
 .text.existePendencia
                0x00002952       0x16 main.o
                0x00002952                existePendencia
 .text.addPendencias
                0x00002968       0xb2 main.o
                0x00002968                addPendencias
 .text.verificarPendencia
                0x00002a1a      0x386 main.o
                0x00002a1a                verificarPendencia
 .text.removePendencias
                0x00002da0      0x102 main.o
                0x00002da0                removePendencias
 .text.printNumPendencia
                0x00002ea2       0x84 main.o
                0x00002ea2                printNumPendencia
 .text.printPendencias
                0x00002f26      0x110 main.o
                0x00002f26                printPendencias
 .text.modoADM  0x00003036      0x220 main.o
                0x00003036                modoADM
 .text.enviarPedidoSerial
                0x00003256       0x4e main.o
                0x00003256                enviarPedidoSerial
 .text.enviarPedidoDePagamento
                0x000032a4       0xd0 main.o
                0x000032a4                enviarPedidoDePagamento
 .text.cobrarPagementosAgendados
                0x00003374      0x24a main.o
                0x00003374                cobrarPagementosAgendados
 .text.__vector_11
                0x000035be      0x130 main.o
                0x000035be                __vector_11
 .text.setTimer1_UmSeg
                0x000036ee       0x2c main.o
                0x000036ee                setTimer1_UmSeg
 .text.main     0x0000371a      0x11a main.o
                0x0000371a                main
 .text.libgcc.div
                0x00003834       0x28 c:/program files (x86)/atmel/studio/7.0/toolchain/avr8/avr8-gnu-toolchain/bin/../lib/gcc/avr/5.4.0/avr5\libgcc.a(_divmodhi4.o)
                0x00003834                _div
                0x00003834                __divmodhi4
 .text.libgcc   0x0000385c        0xc c:/program files (x86)/atmel/studio/7.0/toolchain/avr8/avr8-gnu-toolchain/bin/../lib/gcc/avr/5.4.0/avr5\libgcc.a(_tablejump2.o)
                0x0000385c                __tablejump2__
 .text.libgcc.div
                0x00003868       0x28 c:/program files (x86)/atmel/studio/7.0/toolchain/avr8/avr8-gnu-toolchain/bin/../lib/gcc/avr/5.4.0/avr5\libgcc.a(_udivmodhi4.o)
                0x00003868                __udivmodhi4
                0x00003890                . = ALIGN (0x2)
 *(.fini9)
 .fini9         0x00003890        0x0 c:/program files (x86)/atmel/studio/7.0/toolchain/avr8/avr8-gnu-toolchain/bin/../lib/gcc/avr/5.4.0/avr5\libgcc.a(_exit.o)
                0x00003890                _exit
                0x00003890                exit
 *(.fini9)
 *(.fini8)
 *(.fini8)
 *(.fini7)
 *(.fini7)
 *(.fini6)
 *(.fini6)
 *(.fini5)
 *(.fini5)
 *(.fini4)
 *(.fini4)
 *(.fini3)
 *(.fini3)
 *(.fini2)
 *(.fini2)
 *(.fini1)
 *(.fini1)
 *(.fini0)
 .fini0         0x00003890        0x4 c:/program files (x86)/atmel/studio/7.0/toolchain/avr8/avr8-gnu-toolchain/bin/../lib/gcc/avr/5.4.0/avr5\libgcc.a(_exit.o)
 *(.fini0)
                0x00003894                _etext = .

.data           0x00800100      0x4a8 load address 0x00003894
                0x00800100                PROVIDE (__data_start, .)
 *(.data)
 *(.data*)
 .data.numPendecias
                0x00800100        0x2 main.o
 .data.valParcelaP
                0x00800102       0x1e main.o
 .data.cartoesP
                0x00800120       0x24 main.o
 .data.statusOperadores
                0x00800144        0x2 main.o
 .data.senhaLida
                0x00800146        0x4 main.o
                0x00800146                senhaLida
 .data.senhas   0x0080014a        0xc main.o
                0x0080014a                senhas
 .data.userIndex
                0x00800156        0x1 main.o
                0x00800156                userIndex
 .data.teclaG   0x00800157        0x1 main.o
                0x00800157                teclaG
 *(.gnu.linkonce.d*)
 *(.rodata)
 .rodata        0x00800158       0x23 main.o
 *(.rodata*)
 .rodata.str1.1
                0x0080017b      0x42d main.o
                                0x431 (size before relaxing)
 *(.gnu.linkonce.r*)
                0x008005a8                . = ALIGN (0x2)
                0x008005a8                _edata = .
                0x008005a8                PROVIDE (__data_end, .)

.bss            0x008005a8      0x10b
                0x008005a8                PROVIDE (__bss_start, .)
 *(.bss)
 *(.bss*)
 .bss.numPagsAgendados
                0x008005a8        0x2 main.o
 .bss.datasVenc
                0x008005aa       0x48 main.o
 .bss.valParcelaA
                0x008005f2       0x1e main.o
 .bss.cartoesA  0x00800610       0x24 main.o
 .bss.ano       0x00800634        0x1 main.o
 .bss.mes       0x00800635        0x1 main.o
 .bss.dia       0x00800636        0x1 main.o
 .bss.cartoesCadastrados
                0x00800637        0x1 main.o
 .bss.saldosLocais
                0x00800638       0x19 main.o
 .bss.cashBackCounter
                0x00800651        0x5 main.o
 .bss.senhasLocais
                0x00800656       0x1e main.o
 .bss.numCartoesLocais
                0x00800674       0x1e main.o
 .bss.flagRELOGIO
                0x00800692        0x1 main.o
                0x00800692                flagRELOGIO
 .bss.com_ext   0x00800693        0x1 main.o
 .bss.contSerial
                0x00800694        0x1 main.o
 .bss.telaOnOff
                0x00800695        0x1 main.o
                0x00800695                telaOnOff
 .bss.contTelaOff
                0x00800696        0x1 main.o
                0x00800696                contTelaOff
 .bss.contTelaOn
                0x00800697        0x1 main.o
                0x00800697                contTelaOn
 .bss.segundos  0x00800698        0x1 main.o
 .bss.minutos   0x00800699        0x1 main.o
 .bss.horas     0x0080069a        0x1 main.o
 .bss.dataFUTURA
                0x0080069b        0x6 main.o
 .bss.stringDATA
                0x008006a1        0x9 main.o
 .bss.stringHORA
                0x008006aa        0x9 main.o
 *(COMMON)
                0x008006b3                PROVIDE (__bss_end, .)
                0x00003894                __data_load_start = LOADADDR (.data)
                0x00003d3c                __data_load_end = (__data_load_start + SIZEOF (.data))

.noinit         0x008006b3        0x0
                [!provide]                PROVIDE (__noinit_start, .)
 *(.noinit*)
                [!provide]                PROVIDE (__noinit_end, .)
                0x008006b3                _end = .
                [!provide]                PROVIDE (__heap_start, .)

.eeprom         0x00810000        0x0
 *(.eeprom*)
                0x00810000                __eeprom_end = .

.fuse
 *(.fuse)
 *(.lfuse)
 *(.hfuse)
 *(.efuse)

.lock
 *(.lock*)

.signature
 *(.signature*)

.user_signatures
 *(.user_signatures*)

.stab
 *(.stab)

.stabstr
 *(.stabstr)

.stab.excl
 *(.stab.excl)

.stab.exclstr
 *(.stab.exclstr)

.stab.index
 *(.stab.index)

.stab.indexstr
 *(.stab.indexstr)

.comment        0x00000000       0x30
 *(.comment)
 .comment       0x00000000       0x30 main.o
                                 0x31 (size before relaxing)

.note.gnu.avr.deviceinfo
                0x00000000       0x40
 .note.gnu.avr.deviceinfo
                0x00000000       0x40 C:/Program Files (x86)/Atmel/Studio/7.0/Packs/atmel/ATmega_DFP/1.6.364/gcc/dev/atmega328p/avr5/crtatmega328p.o

.note.gnu.build-id
 *(.note.gnu.build-id)

.debug
 *(.debug)

.line
 *(.line)

.debug_srcinfo
 *(.debug_srcinfo)

.debug_sfnames
 *(.debug_sfnames)

.debug_aranges  0x00000000      0x3b8
 *(.debug_aranges)
 .debug_aranges
                0x00000000      0x3b8 main.o

.debug_pubnames
 *(.debug_pubnames)

.debug_info     0x00000000     0x5548
 *(.debug_info .gnu.linkonce.wi.*)
 .debug_info    0x00000000      0x5f4 C:/Program Files (x86)/Atmel/Studio/7.0/Packs/atmel/ATmega_DFP/1.6.364/gcc/dev/atmega328p/avr5/crtatmega328p.o
 .debug_info    0x000005f4     0x4f54 main.o

.debug_abbrev   0x00000000      0x9bf
 *(.debug_abbrev)
 .debug_abbrev  0x00000000      0x5a2 C:/Program Files (x86)/Atmel/Studio/7.0/Packs/atmel/ATmega_DFP/1.6.364/gcc/dev/atmega328p/avr5/crtatmega328p.o
 .debug_abbrev  0x000005a2      0x41d main.o

.debug_line     0x00000000     0x36c1
 *(.debug_line .debug_line.* .debug_line_end)
 .debug_line    0x00000000      0x134 C:/Program Files (x86)/Atmel/Studio/7.0/Packs/atmel/ATmega_DFP/1.6.364/gcc/dev/atmega328p/avr5/crtatmega328p.o
 .debug_line    0x00000134     0x358d main.o

.debug_frame    0x00000000      0xbd8
 *(.debug_frame)
 .debug_frame   0x00000000      0xbd8 main.o

.debug_str      0x00000000      0xf1b
 *(.debug_str)
 .debug_str     0x00000000      0x208 C:/Program Files (x86)/Atmel/Studio/7.0/Packs/atmel/ATmega_DFP/1.6.364/gcc/dev/atmega328p/avr5/crtatmega328p.o
 .debug_str     0x00000208      0xd13 main.o
                                0xda6 (size before relaxing)

.debug_loc      0x00000000     0x41c4
 *(.debug_loc)
 .debug_loc     0x00000000     0x41c4 main.o

.debug_macinfo
 *(.debug_macinfo)

.debug_weaknames
 *(.debug_weaknames)

.debug_funcnames
 *(.debug_funcnames)

.debug_typenames
 *(.debug_typenames)

.debug_varnames
 *(.debug_varnames)

.debug_pubtypes
 *(.debug_pubtypes)

.debug_ranges   0x00000000      0x3d8
 *(.debug_ranges)
 .debug_ranges  0x00000000      0x3d8 main.o

.debug_macro
 *(.debug_macro)
OUTPUT(mic_pay.elf elf32-avr)
LOAD linker stubs
