Archive member included to satisfy reference by file (symbol)

c:/program files (x86)/atmel/studio/7.0/toolchain/avr8/avr8-gnu-toolchain/bin/../lib/gcc/avr/5.4.0/avr5\libgcc.a(_divmodhi4.o)
                              main.o (__divmodhi4)
c:/program files (x86)/atmel/studio/7.0/toolchain/avr8/avr8-gnu-toolchain/bin/../lib/gcc/avr/5.4.0/avr5\libgcc.a(_exit.o)
                              C:/Program Files (x86)/Atmel/Studio/7.0/Packs/atmel/ATmega_DFP/1.6.364/gcc/dev/atmega328p/avr5/crtatmega328p.o (exit)
c:/program files (x86)/atmel/studio/7.0/toolchain/avr8/avr8-gnu-toolchain/bin/../lib/gcc/avr/5.4.0/avr5\libgcc.a(_tablejump2.o)
                              main.o (__tablejump2__)
c:/program files (x86)/atmel/studio/7.0/toolchain/avr8/avr8-gnu-toolchain/bin/../lib/gcc/avr/5.4.0/avr5\libgcc.a(_copy_data.o)
                              main.o (__do_copy_data)
c:/program files (x86)/atmel/studio/7.0/toolchain/avr8/avr8-gnu-toolchain/bin/../lib/gcc/avr/5.4.0/avr5\libgcc.a(_clear_bss.o)
                              main.o (__do_clear_bss)
c:/program files (x86)/atmel/studio/7.0/toolchain/avr8/avr8-gnu-toolchain/bin/../lib/gcc/avr/5.4.0/avr5\libgcc.a(_udivmodhi4.o)
                              c:/program files (x86)/atmel/studio/7.0/toolchain/avr8/avr8-gnu-toolchain/bin/../lib/gcc/avr/5.4.0/avr5\libgcc.a(_divmodhi4.o) (__udivmodhi4)

Discarded input sections

 .data          0x00000000        0x0 C:/Program Files (x86)/Atmel/Studio/7.0/Packs/atmel/ATmega_DFP/1.6.364/gcc/dev/atmega328p/avr5/crtatmega328p.o
 .bss           0x00000000        0x0 C:/Program Files (x86)/Atmel/Studio/7.0/Packs/atmel/ATmega_DFP/1.6.364/gcc/dev/atmega328p/avr5/crtatmega328p.o
 .text          0x00000000        0x0 main.o
 .data          0x00000000        0x0 main.o
 .bss           0x00000000        0x0 main.o
 .text.atualizaSenha
                0x00000000       0x3c main.o
 .text.adicionaSaldo
                0x00000000        0x2 main.o
 .text.transforma_int
                0x00000000       0x12 main.o
 .text.setupBotoes
                0x00000000        0x2 main.o
 .text.enableDelayT1
                0x00000000       0x1e main.o
 .text.delay    0x00000000       0x16 main.o
 .text.mostraSaldoNaSerial
                0x00000000       0x5e main.o
 .text.getNumPendecias
                0x00000000        0x6 main.o
 .data.controle
                0x00000000        0x2 main.o
 .text          0x00000000        0x0 c:/program files (x86)/atmel/studio/7.0/toolchain/avr8/avr8-gnu-toolchain/bin/../lib/gcc/avr/5.4.0/avr5\libgcc.a(_divmodhi4.o)
 .data          0x00000000        0x0 c:/program files (x86)/atmel/studio/7.0/toolchain/avr8/avr8-gnu-toolchain/bin/../lib/gcc/avr/5.4.0/avr5\libgcc.a(_divmodhi4.o)
 .bss           0x00000000        0x0 c:/program files (x86)/atmel/studio/7.0/toolchain/avr8/avr8-gnu-toolchain/bin/../lib/gcc/avr/5.4.0/avr5\libgcc.a(_divmodhi4.o)
 .text.libgcc.mul
                0x00000000        0x0 c:/program files (x86)/atmel/studio/7.0/toolchain/avr8/avr8-gnu-toolchain/bin/../lib/gcc/avr/5.4.0/avr5\libgcc.a(_divmodhi4.o)
 .text.libgcc   0x00000000        0x0 c:/program files (x86)/atmel/studio/7.0/toolchain/avr8/avr8-gnu-toolchain/bin/../lib/gcc/avr/5.4.0/avr5\libgcc.a(_divmodhi4.o)
 .text.libgcc.prologue
                0x00000000        0x0 c:/program files (x86)/atmel/studio/7.0/toolchain/avr8/avr8-gnu-toolchain/bin/../lib/gcc/avr/5.4.0/avr5\libgcc.a(_divmodhi4.o)
 .text.libgcc.builtins
                0x00000000        0x0 c:/program files (x86)/atmel/studio/7.0/toolchain/avr8/avr8-gnu-toolchain/bin/../lib/gcc/avr/5.4.0/avr5\libgcc.a(_divmodhi4.o)
 .text.libgcc.fmul
                0x00000000        0x0 c:/program files (x86)/atmel/studio/7.0/toolchain/avr8/avr8-gnu-toolchain/bin/../lib/gcc/avr/5.4.0/avr5\libgcc.a(_divmodhi4.o)
 .text.libgcc.fixed
                0x00000000        0x0 c:/program files (x86)/atmel/studio/7.0/toolchain/avr8/avr8-gnu-toolchain/bin/../lib/gcc/avr/5.4.0/avr5\libgcc.a(_divmodhi4.o)
 .text          0x00000000        0x0 c:/program files (x86)/atmel/studio/7.0/toolchain/avr8/avr8-gnu-toolchain/bin/../lib/gcc/avr/5.4.0/avr5\libgcc.a(_exit.o)
 .data          0x00000000        0x0 c:/program files (x86)/atmel/studio/7.0/toolchain/avr8/avr8-gnu-toolchain/bin/../lib/gcc/avr/5.4.0/avr5\libgcc.a(_exit.o)
 .bss           0x00000000        0x0 c:/program files (x86)/atmel/studio/7.0/toolchain/avr8/avr8-gnu-toolchain/bin/../lib/gcc/avr/5.4.0/avr5\libgcc.a(_exit.o)
 .text.libgcc.mul
                0x00000000        0x0 c:/program files (x86)/atmel/studio/7.0/toolchain/avr8/avr8-gnu-toolchain/bin/../lib/gcc/avr/5.4.0/avr5\libgcc.a(_exit.o)
 .text.libgcc.div
                0x00000000        0x0 c:/program files (x86)/atmel/studio/7.0/toolchain/avr8/avr8-gnu-toolchain/bin/../lib/gcc/avr/5.4.0/avr5\libgcc.a(_exit.o)
 .text.libgcc   0x00000000        0x0 c:/program files (x86)/atmel/studio/7.0/toolchain/avr8/avr8-gnu-toolchain/bin/../lib/gcc/avr/5.4.0/avr5\libgcc.a(_exit.o)
 .text.libgcc.prologue
                0x00000000        0x0 c:/program files (x86)/atmel/studio/7.0/toolchain/avr8/avr8-gnu-toolchain/bin/../lib/gcc/avr/5.4.0/avr5\libgcc.a(_exit.o)
 .text.libgcc.builtins
                0x00000000        0x0 c:/program files (x86)/atmel/studio/7.0/toolchain/avr8/avr8-gnu-toolchain/bin/../lib/gcc/avr/5.4.0/avr5\libgcc.a(_exit.o)
 .text.libgcc.fmul
                0x00000000        0x0 c:/program files (x86)/atmel/studio/7.0/toolchain/avr8/avr8-gnu-toolchain/bin/../lib/gcc/avr/5.4.0/avr5\libgcc.a(_exit.o)
 .text.libgcc.fixed
                0x00000000        0x0 c:/program files (x86)/atmel/studio/7.0/toolchain/avr8/avr8-gnu-toolchain/bin/../lib/gcc/avr/5.4.0/avr5\libgcc.a(_exit.o)
 .text          0x00000000        0x0 c:/program files (x86)/atmel/studio/7.0/toolchain/avr8/avr8-gnu-toolchain/bin/../lib/gcc/avr/5.4.0/avr5\libgcc.a(_tablejump2.o)
 .data          0x00000000        0x0 c:/program files (x86)/atmel/studio/7.0/toolchain/avr8/avr8-gnu-toolchain/bin/../lib/gcc/avr/5.4.0/avr5\libgcc.a(_tablejump2.o)
 .bss           0x00000000        0x0 c:/program files (x86)/atmel/studio/7.0/toolchain/avr8/avr8-gnu-toolchain/bin/../lib/gcc/avr/5.4.0/avr5\libgcc.a(_tablejump2.o)
 .text.libgcc.mul
                0x00000000        0x0 c:/program files (x86)/atmel/studio/7.0/toolchain/avr8/avr8-gnu-toolchain/bin/../lib/gcc/avr/5.4.0/avr5\libgcc.a(_tablejump2.o)
 .text.libgcc.div
                0x00000000        0x0 c:/program files (x86)/atmel/studio/7.0/toolchain/avr8/avr8-gnu-toolchain/bin/../lib/gcc/avr/5.4.0/avr5\libgcc.a(_tablejump2.o)
 .text.libgcc.prologue
                0x00000000        0x0 c:/program files (x86)/atmel/studio/7.0/toolchain/avr8/avr8-gnu-toolchain/bin/../lib/gcc/avr/5.4.0/avr5\libgcc.a(_tablejump2.o)
 .text.libgcc.builtins
                0x00000000        0x0 c:/program files (x86)/atmel/studio/7.0/toolchain/avr8/avr8-gnu-toolchain/bin/../lib/gcc/avr/5.4.0/avr5\libgcc.a(_tablejump2.o)
 .text.libgcc.fmul
                0x00000000        0x0 c:/program files (x86)/atmel/studio/7.0/toolchain/avr8/avr8-gnu-toolchain/bin/../lib/gcc/avr/5.4.0/avr5\libgcc.a(_tablejump2.o)
 .text.libgcc.fixed
                0x00000000        0x0 c:/program files (x86)/atmel/studio/7.0/toolchain/avr8/avr8-gnu-toolchain/bin/../lib/gcc/avr/5.4.0/avr5\libgcc.a(_tablejump2.o)
 .text          0x00000000        0x0 c:/program files (x86)/atmel/studio/7.0/toolchain/avr8/avr8-gnu-toolchain/bin/../lib/gcc/avr/5.4.0/avr5\libgcc.a(_copy_data.o)
 .data          0x00000000        0x0 c:/program files (x86)/atmel/studio/7.0/toolchain/avr8/avr8-gnu-toolchain/bin/../lib/gcc/avr/5.4.0/avr5\libgcc.a(_copy_data.o)
 .bss           0x00000000        0x0 c:/program files (x86)/atmel/studio/7.0/toolchain/avr8/avr8-gnu-toolchain/bin/../lib/gcc/avr/5.4.0/avr5\libgcc.a(_copy_data.o)
 .text.libgcc.mul
                0x00000000        0x0 c:/program files (x86)/atmel/studio/7.0/toolchain/avr8/avr8-gnu-toolchain/bin/../lib/gcc/avr/5.4.0/avr5\libgcc.a(_copy_data.o)
 .text.libgcc.div
                0x00000000        0x0 c:/program files (x86)/atmel/studio/7.0/toolchain/avr8/avr8-gnu-toolchain/bin/../lib/gcc/avr/5.4.0/avr5\libgcc.a(_copy_data.o)
 .text.libgcc   0x00000000        0x0 c:/program files (x86)/atmel/studio/7.0/toolchain/avr8/avr8-gnu-toolchain/bin/../lib/gcc/avr/5.4.0/avr5\libgcc.a(_copy_data.o)
 .text.libgcc.prologue
                0x00000000        0x0 c:/program files (x86)/atmel/studio/7.0/toolchain/avr8/avr8-gnu-toolchain/bin/../lib/gcc/avr/5.4.0/avr5\libgcc.a(_copy_data.o)
 .text.libgcc.builtins
                0x00000000        0x0 c:/program files (x86)/atmel/studio/7.0/toolchain/avr8/avr8-gnu-toolchain/bin/../lib/gcc/avr/5.4.0/avr5\libgcc.a(_copy_data.o)
 .text.libgcc.fmul
                0x00000000        0x0 c:/program files (x86)/atmel/studio/7.0/toolchain/avr8/avr8-gnu-toolchain/bin/../lib/gcc/avr/5.4.0/avr5\libgcc.a(_copy_data.o)
 .text.libgcc.fixed
                0x00000000        0x0 c:/program files (x86)/atmel/studio/7.0/toolchain/avr8/avr8-gnu-toolchain/bin/../lib/gcc/avr/5.4.0/avr5\libgcc.a(_copy_data.o)
 .text          0x00000000        0x0 c:/program files (x86)/atmel/studio/7.0/toolchain/avr8/avr8-gnu-toolchain/bin/../lib/gcc/avr/5.4.0/avr5\libgcc.a(_clear_bss.o)
 .data          0x00000000        0x0 c:/program files (x86)/atmel/studio/7.0/toolchain/avr8/avr8-gnu-toolchain/bin/../lib/gcc/avr/5.4.0/avr5\libgcc.a(_clear_bss.o)
 .bss           0x00000000        0x0 c:/program files (x86)/atmel/studio/7.0/toolchain/avr8/avr8-gnu-toolchain/bin/../lib/gcc/avr/5.4.0/avr5\libgcc.a(_clear_bss.o)
 .text.libgcc.mul
                0x00000000        0x0 c:/program files (x86)/atmel/studio/7.0/toolchain/avr8/avr8-gnu-toolchain/bin/../lib/gcc/avr/5.4.0/avr5\libgcc.a(_clear_bss.o)
 .text.libgcc.div
                0x00000000        0x0 c:/program files (x86)/atmel/studio/7.0/toolchain/avr8/avr8-gnu-toolchain/bin/../lib/gcc/avr/5.4.0/avr5\libgcc.a(_clear_bss.o)
 .text.libgcc   0x00000000        0x0 c:/program files (x86)/atmel/studio/7.0/toolchain/avr8/avr8-gnu-toolchain/bin/../lib/gcc/avr/5.4.0/avr5\libgcc.a(_clear_bss.o)
 .text.libgcc.prologue
                0x00000000        0x0 c:/program files (x86)/atmel/studio/7.0/toolchain/avr8/avr8-gnu-toolchain/bin/../lib/gcc/avr/5.4.0/avr5\libgcc.a(_clear_bss.o)
 .text.libgcc.builtins
                0x00000000        0x0 c:/program files (x86)/atmel/studio/7.0/toolchain/avr8/avr8-gnu-toolchain/bin/../lib/gcc/avr/5.4.0/avr5\libgcc.a(_clear_bss.o)
 .text.libgcc.fmul
                0x00000000        0x0 c:/program files (x86)/atmel/studio/7.0/toolchain/avr8/avr8-gnu-toolchain/bin/../lib/gcc/avr/5.4.0/avr5\libgcc.a(_clear_bss.o)
 .text.libgcc.fixed
                0x00000000        0x0 c:/program files (x86)/atmel/studio/7.0/toolchain/avr8/avr8-gnu-toolchain/bin/../lib/gcc/avr/5.4.0/avr5\libgcc.a(_clear_bss.o)
 .text          0x00000000        0x0 c:/program files (x86)/atmel/studio/7.0/toolchain/avr8/avr8-gnu-toolchain/bin/../lib/gcc/avr/5.4.0/avr5\libgcc.a(_udivmodhi4.o)
 .data          0x00000000        0x0 c:/program files (x86)/atmel/studio/7.0/toolchain/avr8/avr8-gnu-toolchain/bin/../lib/gcc/avr/5.4.0/avr5\libgcc.a(_udivmodhi4.o)
 .bss           0x00000000        0x0 c:/program files (x86)/atmel/studio/7.0/toolchain/avr8/avr8-gnu-toolchain/bin/../lib/gcc/avr/5.4.0/avr5\libgcc.a(_udivmodhi4.o)
 .text.libgcc.mul
                0x00000000        0x0 c:/program files (x86)/atmel/studio/7.0/toolchain/avr8/avr8-gnu-toolchain/bin/../lib/gcc/avr/5.4.0/avr5\libgcc.a(_udivmodhi4.o)
 .text.libgcc   0x00000000        0x0 c:/program files (x86)/atmel/studio/7.0/toolchain/avr8/avr8-gnu-toolchain/bin/../lib/gcc/avr/5.4.0/avr5\libgcc.a(_udivmodhi4.o)
 .text.libgcc.prologue
                0x00000000        0x0 c:/program files (x86)/atmel/studio/7.0/toolchain/avr8/avr8-gnu-toolchain/bin/../lib/gcc/avr/5.4.0/avr5\libgcc.a(_udivmodhi4.o)
 .text.libgcc.builtins
                0x00000000        0x0 c:/program files (x86)/atmel/studio/7.0/toolchain/avr8/avr8-gnu-toolchain/bin/../lib/gcc/avr/5.4.0/avr5\libgcc.a(_udivmodhi4.o)
 .text.libgcc.fmul
                0x00000000        0x0 c:/program files (x86)/atmel/studio/7.0/toolchain/avr8/avr8-gnu-toolchain/bin/../lib/gcc/avr/5.4.0/avr5\libgcc.a(_udivmodhi4.o)
 .text.libgcc.fixed
                0x00000000        0x0 c:/program files (x86)/atmel/studio/7.0/toolchain/avr8/avr8-gnu-toolchain/bin/../lib/gcc/avr/5.4.0/avr5\libgcc.a(_udivmodhi4.o)

Memory Configuration

Name             Origin             Length             Attributes
text             0x00000000         0x00008000         xr
data             0x00800100         0x00000800         rw !x
eeprom           0x00810000         0x00000400         rw !x
fuse             0x00820000         0x00000003         rw !x
lock             0x00830000         0x00000400         rw !x
signature        0x00840000         0x00000400         rw !x
user_signatures  0x00850000         0x00000400         rw !x
*default*        0x00000000         0xffffffff

Linker script and memory map

Address of section .data set to 0x800100
LOAD C:/Program Files (x86)/Atmel/Studio/7.0/Packs/atmel/ATmega_DFP/1.6.364/gcc/dev/atmega328p/avr5/crtatmega328p.o
LOAD main.o
START GROUP
LOAD c:/program files (x86)/atmel/studio/7.0/toolchain/avr8/avr8-gnu-toolchain/bin/../lib/gcc/avr/5.4.0/../../../../avr/lib/avr5\libm.a
END GROUP
START GROUP
LOAD c:/program files (x86)/atmel/studio/7.0/toolchain/avr8/avr8-gnu-toolchain/bin/../lib/gcc/avr/5.4.0/avr5\libgcc.a
LOAD c:/program files (x86)/atmel/studio/7.0/toolchain/avr8/avr8-gnu-toolchain/bin/../lib/gcc/avr/5.4.0/../../../../avr/lib/avr5\libm.a
LOAD c:/program files (x86)/atmel/studio/7.0/toolchain/avr8/avr8-gnu-toolchain/bin/../lib/gcc/avr/5.4.0/../../../../avr/lib/avr5\libc.a
LOAD C:/Program Files (x86)/Atmel/Studio/7.0/Packs/atmel/ATmega_DFP/1.6.364/gcc/dev/atmega328p/avr5\libatmega328p.a
END GROUP
                0x00000000                __TEXT_REGION_ORIGIN__ = DEFINED (__TEXT_REGION_ORIGIN__)?__TEXT_REGION_ORIGIN__:0x0
                [0x00800100]                __DATA_REGION_ORIGIN__ = DEFINED (__DATA_REGION_ORIGIN__)?__DATA_REGION_ORIGIN__:0x800060
                [0x00008000]                __TEXT_REGION_LENGTH__ = DEFINED (__TEXT_REGION_LENGTH__)?__TEXT_REGION_LENGTH__:0x20000
                [0x00000800]                __DATA_REGION_LENGTH__ = DEFINED (__DATA_REGION_LENGTH__)?__DATA_REGION_LENGTH__:0xffa0
                [0x00000400]                __EEPROM_REGION_LENGTH__ = DEFINED (__EEPROM_REGION_LENGTH__)?__EEPROM_REGION_LENGTH__:0x10000
                [0x00000003]                __FUSE_REGION_LENGTH__ = DEFINED (__FUSE_REGION_LENGTH__)?__FUSE_REGION_LENGTH__:0x400
                0x00000400                __LOCK_REGION_LENGTH__ = DEFINED (__LOCK_REGION_LENGTH__)?__LOCK_REGION_LENGTH__:0x400
                0x00000400                __SIGNATURE_REGION_LENGTH__ = DEFINED (__SIGNATURE_REGION_LENGTH__)?__SIGNATURE_REGION_LENGTH__:0x400
                0x00000400                __USER_SIGNATURE_REGION_LENGTH__ = DEFINED (__USER_SIGNATURE_REGION_LENGTH__)?__USER_SIGNATURE_REGION_LENGTH__:0x400

.hash
 *(.hash)

.dynsym
 *(.dynsym)

.dynstr
 *(.dynstr)

.gnu.version
 *(.gnu.version)

.gnu.version_d
 *(.gnu.version_d)

.gnu.version_r
 *(.gnu.version_r)

.rel.init
 *(.rel.init)

.rela.init
 *(.rela.init)

.rel.text
 *(.rel.text)
 *(.rel.text.*)
 *(.rel.gnu.linkonce.t*)

.rela.text
 *(.rela.text)
 *(.rela.text.*)
 *(.rela.gnu.linkonce.t*)

.rel.fini
 *(.rel.fini)

.rela.fini
 *(.rela.fini)

.rel.rodata
 *(.rel.rodata)
 *(.rel.rodata.*)
 *(.rel.gnu.linkonce.r*)

.rela.rodata
 *(.rela.rodata)
 *(.rela.rodata.*)
 *(.rela.gnu.linkonce.r*)

.rel.data
 *(.rel.data)
 *(.rel.data.*)
 *(.rel.gnu.linkonce.d*)

.rela.data
 *(.rela.data)
 *(.rela.data.*)
 *(.rela.gnu.linkonce.d*)

.rel.ctors
 *(.rel.ctors)

.rela.ctors
 *(.rela.ctors)

.rel.dtors
 *(.rel.dtors)

.rela.dtors
 *(.rela.dtors)

.rel.got
 *(.rel.got)

.rela.got
 *(.rela.got)

.rel.bss
 *(.rel.bss)

.rela.bss
 *(.rela.bss)

.rel.plt
 *(.rel.plt)

.rela.plt
 *(.rela.plt)

.text           0x00000000     0x398e
 *(.vectors)
 .vectors       0x00000000       0x68 C:/Program Files (x86)/Atmel/Studio/7.0/Packs/atmel/ATmega_DFP/1.6.364/gcc/dev/atmega328p/avr5/crtatmega328p.o
                0x00000000                __vector_default
                0x00000000                __vectors
 *(.vectors)
 *(.progmem.gcc*)
 .progmem.gcc_sw_table.updateDate
                0x00000068       0x18 main.o
 .progmem.gcc_sw_table.acao_tecla
                0x00000080       0x18 main.o
                0x00000098                . = ALIGN (0x2)
                0x00000098                __trampolines_start = .
 *(.trampolines)
 .trampolines   0x00000098        0x0 linker stubs
 *(.trampolines*)
                0x00000098                __trampolines_end = .
 *libprintf_flt.a:*(.progmem.data)
 *libc.a:*(.progmem.data)
 *(.progmem*)
                0x00000098                . = ALIGN (0x2)
 *(.jumptables)
 *(.jumptables*)
 *(.lowtext)
 *(.lowtext*)
                0x00000098                __ctors_start = .
 *(.ctors)
                0x00000098                __ctors_end = .
                0x00000098                __dtors_start = .
 *(.dtors)
                0x00000098                __dtors_end = .
 SORT(*)(.ctors)
 SORT(*)(.dtors)
 *(.init0)
 .init0         0x00000098        0x0 C:/Program Files (x86)/Atmel/Studio/7.0/Packs/atmel/ATmega_DFP/1.6.364/gcc/dev/atmega328p/avr5/crtatmega328p.o
                0x00000098                __init
 *(.init0)
 *(.init1)
 *(.init1)
 *(.init2)
 .init2         0x00000098        0xc C:/Program Files (x86)/Atmel/Studio/7.0/Packs/atmel/ATmega_DFP/1.6.364/gcc/dev/atmega328p/avr5/crtatmega328p.o
 *(.init2)
 *(.init3)
 *(.init3)
 *(.init4)
 .init4         0x000000a4       0x16 c:/program files (x86)/atmel/studio/7.0/toolchain/avr8/avr8-gnu-toolchain/bin/../lib/gcc/avr/5.4.0/avr5\libgcc.a(_copy_data.o)
                0x000000a4                __do_copy_data
 .init4         0x000000ba       0x10 c:/program files (x86)/atmel/studio/7.0/toolchain/avr8/avr8-gnu-toolchain/bin/../lib/gcc/avr/5.4.0/avr5\libgcc.a(_clear_bss.o)
                0x000000ba                __do_clear_bss
 *(.init4)
 *(.init5)
 *(.init5)
 *(.init6)
 *(.init6)
 *(.init7)
 *(.init7)
 *(.init8)
 *(.init8)
 *(.init9)
 .init9         0x000000ca        0x8 C:/Program Files (x86)/Atmel/Studio/7.0/Packs/atmel/ATmega_DFP/1.6.364/gcc/dev/atmega328p/avr5/crtatmega328p.o
 *(.init9)
 *(.text)
 .text          0x000000d2        0x4 C:/Program Files (x86)/Atmel/Studio/7.0/Packs/atmel/ATmega_DFP/1.6.364/gcc/dev/atmega328p/avr5/crtatmega328p.o
                0x000000d2                __vector_22
                0x000000d2                __vector_1
                0x000000d2                __vector_24
                0x000000d2                __vector_12
                0x000000d2                __bad_interrupt
                0x000000d2                __vector_6
                0x000000d2                __vector_3
                0x000000d2                __vector_23
                0x000000d2                __vector_25
                0x000000d2                __vector_13
                0x000000d2                __vector_17
                0x000000d2                __vector_19
                0x000000d2                __vector_7
                0x000000d2                __vector_5
                0x000000d2                __vector_4
                0x000000d2                __vector_9
                0x000000d2                __vector_2
                0x000000d2                __vector_21
                0x000000d2                __vector_15
                0x000000d2                __vector_8
                0x000000d2                __vector_14
                0x000000d2                __vector_10
                0x000000d2                __vector_16
                0x000000d2                __vector_18
                0x000000d2                __vector_20
                0x000000d6                . = ALIGN (0x2)
 *(.text.*)
 .text.anoZero  0x000000d6       0x36 main.o
                0x000000d6                anoZero
 .text.changeDate
                0x0000010c      0x144 main.o
                0x0000010c                changeDate
 .text.sumDate  0x00000250       0xd6 main.o
                0x00000250                sumDate
 .text.atualizaMesAno
                0x00000326       0x2e main.o
                0x00000326                atualizaMesAno
 .text.updateDate
                0x00000354       0x8c main.o
                0x00000354                updateDate
 .text.AtualizaStringHora
                0x000003e0       0x7a main.o
                0x000003e0                AtualizaStringHora
 .text.AtualizaStringData
                0x0000045a       0x7a main.o
                0x0000045a                AtualizaStringData
 .text.AtualizaStringDataHora
                0x000004d4        0xa main.o
                0x000004d4                AtualizaStringDataHora
 .text.verificarContasLocais
                0x000004de       0x52 main.o
                0x000004de                verificarContasLocais
 .text.verificaCashBack
                0x00000530       0x16 main.o
                0x00000530                verificaCashBack
 .text.carregaSaldo
                0x00000546       0x3a main.o
                0x00000546                carregaSaldo
 .text.carregaNumCartao
                0x00000580       0x3a main.o
                0x00000580                carregaNumCartao
 .text.carregaSenha
                0x000005ba       0x3a main.o
                0x000005ba                carregaSenha
 .text.addCartao
                0x000005f4       0x4a main.o
                0x000005f4                addCartao
 .text.subtraiSaldo
                0x0000063e      0x162 main.o
                0x0000063e                subtraiSaldo
 .text.verificaSaldo
                0x000007a0      0x17a main.o
                0x000007a0                verificaSaldo
 .text.verificaSenha
                0x0000091a       0x4e main.o
                0x0000091a                verificaSenha
 .text.executarVendaInterna
                0x00000968       0x68 main.o
                0x00000968                executarVendaInterna
 .text.formata_valor
                0x000009d0       0xa6 main.o
                0x000009d0                formata_valor
 .text.tecla_lida
                0x00000a76       0x76 main.o
                0x00000a76                tecla_lida
 .text.teclaDebouce
                0x00000aec       0x3c main.o
                0x00000aec                teclaDebouce
 .text.acao_tecla
                0x00000b28       0x46 main.o
                0x00000b28                acao_tecla
 .text.USART_INIT
                0x00000b6e       0x16 main.o
                0x00000b6e                USART_INIT
 .text.USART_envia
                0x00000b84        0xe main.o
                0x00000b84                USART_envia
 .text.verificaSerial
                0x00000b92       0x20 main.o
                0x00000b92                verificaSerial
 .text.write    0x00000bb2       0x5e main.o
                0x00000bb2                write
 .text.writeCharacter
                0x00000c10       0x24 main.o
                0x00000c10                writeCharacter
 .text.writeString
                0x00000c34       0x52 main.o
                0x00000c34                writeString
 .text.writeInstruction
                0x00000c86       0x2c main.o
                0x00000c86                writeInstruction
 .text.recebe_valor
                0x00000cb2       0xac main.o
                0x00000cb2                recebe_valor
 .text.setup_lcd
                0x00000d5e       0x4a main.o
                0x00000d5e                setup_lcd
 .text.validarSenha
                0x00000da8       0x38 main.o
                0x00000da8                validarSenha
 .text.lerSenha
                0x00000de0       0xc0 main.o
                0x00000de0                lerSenha
 .text.menu_vendas
                0x00000ea0       0x24 main.o
                0x00000ea0                menu_vendas
 .text.tela_bloqueio_inicial
                0x00000ec4       0x70 main.o
                0x00000ec4                tela_bloqueio_inicial
 .text.menu_pagamento
                0x00000f34       0x24 main.o
                0x00000f34                menu_pagamento
 .text.metodo_pagamento
                0x00000f58       0x10 main.o
                0x00000f58                metodo_pagamento
 .text.menu_cartao
                0x00000f68       0x24 main.o
                0x00000f68                menu_cartao
 .text.tela_OK  0x00000f8c       0x36 main.o
                0x00000f8c                tela_OK
 .text.tela_CF  0x00000fc2       0x36 main.o
                0x00000fc2                tela_CF
 .text.tela_SI  0x00000ff8       0x36 main.o
                0x00000ff8                tela_SI
 .text.tela_SF  0x0000102e       0x36 main.o
                0x0000102e                tela_SF
 .text.login    0x00001064       0xca main.o
                0x00001064                login
 .text.tela_cartaoEstorno
                0x0000112e       0x1c main.o
                0x0000112e                tela_cartaoEstorno
 .text.tela_valorEstorno
                0x0000114a       0x24 main.o
                0x0000114a                tela_valorEstorno
 .text.tela_estorno
                0x0000116e       0x1c main.o
                0x0000116e                tela_estorno
 .text.tela_vendaAvista
                0x0000118a       0x24 main.o
                0x0000118a                tela_vendaAvista
 .text.tela_vendaParcelada
                0x000011ae       0x24 main.o
                0x000011ae                tela_vendaParcelada
 .text.tela_vendaInterna
                0x000011d2       0x7a main.o
                0x000011d2                tela_vendaInterna
 .text.tela_nParcelas
                0x0000124c       0x1c main.o
                0x0000124c                tela_nParcelas
 .text.n_parcelas
                0x00001268       0x8c main.o
                0x00001268                n_parcelas
 .text.tela_senhaCartao
                0x000012f4       0x1c main.o
                0x000012f4                tela_senhaCartao
 .text.recebe_senha
                0x00001310       0x90 main.o
                0x00001310                recebe_senha
 .text.tela_numCartao
                0x000013a0       0x1c main.o
                0x000013a0                tela_numCartao
 .text.recebe_cartao
                0x000013bc       0x98 main.o
                0x000013bc                recebe_cartao
 .text.tela_processandoVenda
                0x00001454       0x24 main.o
                0x00001454                tela_processandoVenda
 .text.tela_processandoVenda2
                0x00001478       0x24 main.o
                0x00001478                tela_processandoVenda2
 .text.tela_processandoVenda3
                0x0000149c       0x24 main.o
                0x0000149c                tela_processandoVenda3
 .text.menuADM  0x000014c0       0x64 main.o
                0x000014c0                menuADM
 .text.tela_instrucoes_configOper
                0x00001524       0x36 main.o
                0x00001524                tela_instrucoes_configOper
 .text.tela_continuar_modo_atual
                0x0000155a       0x24 main.o
                0x0000155a                tela_continuar_modo_atual
 .text.continuar_modo_atual
                0x0000157e       0x2e main.o
                0x0000157e                continuar_modo_atual
 .text.tela_instrucoes_configDiaMesAno
                0x000015ac       0x58 main.o
                0x000015ac                tela_instrucoes_configDiaMesAno
 .text.tela_instrucoes_configHoraMinSeg
                0x00001604       0x58 main.o
                0x00001604                tela_instrucoes_configHoraMinSeg
 .text.tela_operacaoConcluida
                0x0000165c       0x36 main.o
                0x0000165c                tela_operacaoConcluida
 .text.tela_dataInvalida
                0x00001692       0x36 main.o
                0x00001692                tela_dataInvalida
 .text.tela_operadorDesabilitado
                0x000016c8       0x44 main.o
                0x000016c8                tela_operadorDesabilitado
 .text.tela_semPendencias
                0x0000170c       0x36 main.o
                0x0000170c                tela_semPendencias
 .text.tela_opcaoInvalida
                0x00001742       0x36 main.o
                0x00001742                tela_opcaoInvalida
 .text.tela_cobrarPagAgendado
                0x00001778       0x36 main.o
                0x00001778                tela_cobrarPagAgendado
 .text.tela_AguardandoPagAgendado
                0x000017ae       0x36 main.o
                0x000017ae                tela_AguardandoPagAgendado
 .text.tela_instrucoes_remPendencia
                0x000017e4       0x36 main.o
                0x000017e4                tela_instrucoes_remPendencia
 .text.tela_infos_printPend
                0x0000181a       0x36 main.o
                0x0000181a                tela_infos_printPend
 .text.tela_dataAtual
                0x00001850       0x54 main.o
                0x00001850                tela_dataAtual
 .text.tela_erroCom
                0x000018a4       0x36 main.o
                0x000018a4                tela_erroCom
 .text.USART_recebe
                0x000018da       0x48 main.o
                0x000018da                USART_recebe
 .text.aguarda_cartao
                0x00001922       0x46 main.o
                0x00001922                aguarda_cartao
 .text.requisicao_externa
                0x00001968      0x288 main.o
                0x00001968                requisicao_externa
 .text.processa_estorno
                0x00001bf0       0xba main.o
                0x00001bf0                processa_estorno
 .text.estorno  0x00001caa       0xfc main.o
                0x00001caa                estorno
 .text.processa_pagamento
                0x00001da6      0x158 main.o
                0x00001da6                processa_pagamento
 .text.venda_avista
                0x00001efe       0xae main.o
                0x00001efe                venda_avista
 .text.tela_precioneOK
                0x00001fac       0x36 main.o
                0x00001fac                tela_precioneOK
 .text.tela_fimDacobranca
                0x00001fe2       0x36 main.o
                0x00001fe2                tela_fimDacobranca
 .text.tela_pagNencontrado
                0x00002018       0x36 main.o
                0x00002018                tela_pagNencontrado
 .text.mudarStatusOper
                0x0000204e       0x2c main.o
                0x0000204e                mudarStatusOper
 .text.tela_status_oper
                0x0000207a       0x52 main.o
                0x0000207a                tela_status_oper
 .text.getOperStatus
                0x000020cc        0xc main.o
                0x000020cc                getOperStatus
 .text.getDiaMesAno
                0x000020d8      0x1f2 main.o
                0x000020d8                getDiaMesAno
 .text.getHoraMinSeg
                0x000022ca      0x1f8 main.o
                0x000022ca                getHoraMinSeg
 .text.addPagamentoAgendado
                0x000024c2       0xd4 main.o
                0x000024c2                addPagamentoAgendado
 .text.venda_parcelada
                0x00002596      0x224 main.o
                0x00002596                venda_parcelada
 .text.processa_venda
                0x000027ba       0x22 main.o
                0x000027ba                processa_venda
 .text.comparaCartoes
                0x000027dc       0x32 main.o
                0x000027dc                comparaCartoes
 .text.organizaPagamentos
                0x0000280e      0x14e main.o
                0x0000280e                organizaPagamentos
 .text.removePrimeiraParcela
                0x0000295c       0x26 main.o
                0x0000295c                removePrimeiraParcela
 .text.removeSegundaParcela
                0x00002982        0x6 main.o
                0x00002982                removeSegundaParcela
 .text.removePagamentoAgendado
                0x00002988       0xac main.o
                0x00002988                removePagamentoAgendado
 .text.existePendencia
                0x00002a34       0x16 main.o
                0x00002a34                existePendencia
 .text.addPendencias
                0x00002a4a       0xb2 main.o
                0x00002a4a                addPendencias
 .text.verificarPendencia
                0x00002afc      0x386 main.o
                0x00002afc                verificarPendencia
 .text.removePendencias
                0x00002e82       0xf6 main.o
                0x00002e82                removePendencias
 .text.printNumPendencia
                0x00002f78       0x84 main.o
                0x00002f78                printNumPendencia
 .text.printPendencias
                0x00002ffc      0x110 main.o
                0x00002ffc                printPendencias
 .text.modoADM  0x0000310c      0x220 main.o
                0x0000310c                modoADM
 .text.enviarPedidoSerial
                0x0000332c       0x62 main.o
                0x0000332c                enviarPedidoSerial
 .text.enviarPedidoDePagamento
                0x0000338e       0xe2 main.o
                0x0000338e                enviarPedidoDePagamento
 .text.cobrarPagementosAgendados
                0x00003470      0x248 main.o
                0x00003470                cobrarPagementosAgendados
 .text.__vector_11
                0x000036b8      0x130 main.o
                0x000036b8                __vector_11
 .text.setTimer1_UmSeg
                0x000037e8       0x2c main.o
                0x000037e8                setTimer1_UmSeg
 .text.main     0x00003814      0x11a main.o
                0x00003814                main
 .text.libgcc.div
                0x0000392e       0x28 c:/program files (x86)/atmel/studio/7.0/toolchain/avr8/avr8-gnu-toolchain/bin/../lib/gcc/avr/5.4.0/avr5\libgcc.a(_divmodhi4.o)
                0x0000392e                _div
                0x0000392e                __divmodhi4
 .text.libgcc   0x00003956        0xc c:/program files (x86)/atmel/studio/7.0/toolchain/avr8/avr8-gnu-toolchain/bin/../lib/gcc/avr/5.4.0/avr5\libgcc.a(_tablejump2.o)
                0x00003956                __tablejump2__
 .text.libgcc.div
                0x00003962       0x28 c:/program files (x86)/atmel/studio/7.0/toolchain/avr8/avr8-gnu-toolchain/bin/../lib/gcc/avr/5.4.0/avr5\libgcc.a(_udivmodhi4.o)
                0x00003962                __udivmodhi4
                0x0000398a                . = ALIGN (0x2)
 *(.fini9)
 .fini9         0x0000398a        0x0 c:/program files (x86)/atmel/studio/7.0/toolchain/avr8/avr8-gnu-toolchain/bin/../lib/gcc/avr/5.4.0/avr5\libgcc.a(_exit.o)
                0x0000398a                _exit
                0x0000398a                exit
 *(.fini9)
 *(.fini8)
 *(.fini8)
 *(.fini7)
 *(.fini7)
 *(.fini6)
 *(.fini6)
 *(.fini5)
 *(.fini5)
 *(.fini4)
 *(.fini4)
 *(.fini3)
 *(.fini3)
 *(.fini2)
 *(.fini2)
 *(.fini1)
 *(.fini1)
 *(.fini0)
 .fini0         0x0000398a        0x4 c:/program files (x86)/atmel/studio/7.0/toolchain/avr8/avr8-gnu-toolchain/bin/../lib/gcc/avr/5.4.0/avr5\libgcc.a(_exit.o)
 *(.fini0)
                0x0000398e                _etext = .

.data           0x00800100      0x542 load address 0x0000398e
                0x00800100                PROVIDE (__data_start, .)
 *(.data)
 *(.data*)
 .data.numPagsAgendados
                0x00800100        0x2 main.o
 .data.datasVenc
                0x00800102       0x48 main.o
 .data.valParcelaA
                0x0080014a       0x1e main.o
 .data.cartoesA
                0x00800168       0x24 main.o
 .data.statusOperadores
                0x0080018c        0x2 main.o
 .data.senhaLida
                0x0080018e        0x4 main.o
                0x0080018e                senhaLida
 .data.senhas   0x00800192        0xc main.o
                0x00800192                senhas
 .data.userIndex
                0x0080019e        0x1 main.o
                0x0080019e                userIndex
 .data.teclaG   0x0080019f        0x1 main.o
                0x0080019f                teclaG
 *(.gnu.linkonce.d*)
 *(.rodata)
 .rodata        0x008001a0       0x23 main.o
 *(.rodata*)
 .rodata.str1.1
                0x008001c3      0x47f main.o
                                0x483 (size before relaxing)
 *(.gnu.linkonce.r*)
                0x00800642                . = ALIGN (0x2)
                0x00800642                _edata = .
                0x00800642                PROVIDE (__data_end, .)

.bss            0x00800642       0xc3
                0x00800642                PROVIDE (__bss_start, .)
 *(.bss)
 *(.bss*)
 .bss.numPendecias
                0x00800642        0x2 main.o
 .bss.valParcelaP
                0x00800644       0x1e main.o
 .bss.cartoesP  0x00800662       0x24 main.o
 .bss.ano       0x00800686        0x1 main.o
 .bss.mes       0x00800687        0x1 main.o
 .bss.dia       0x00800688        0x1 main.o
 .bss.cartoesCadastrados
                0x00800689        0x1 main.o
 .bss.saldosLocais
                0x0080068a       0x19 main.o
 .bss.cashBackCounter
                0x008006a3        0x5 main.o
 .bss.senhasLocais
                0x008006a8       0x1e main.o
 .bss.numCartoesLocais
                0x008006c6       0x1e main.o
 .bss.flagRELOGIO
                0x008006e4        0x1 main.o
                0x008006e4                flagRELOGIO
 .bss.com_ext   0x008006e5        0x1 main.o
 .bss.contSerial
                0x008006e6        0x1 main.o
 .bss.telaOnOff
                0x008006e7        0x1 main.o
                0x008006e7                telaOnOff
 .bss.contTelaOff
                0x008006e8        0x1 main.o
                0x008006e8                contTelaOff
 .bss.contTelaOn
                0x008006e9        0x1 main.o
                0x008006e9                contTelaOn
 .bss.segundos  0x008006ea        0x1 main.o
 .bss.minutos   0x008006eb        0x1 main.o
 .bss.horas     0x008006ec        0x1 main.o
 .bss.dataFUTURA
                0x008006ed        0x6 main.o
 .bss.stringDATA
                0x008006f3        0x9 main.o
 .bss.stringHORA
                0x008006fc        0x9 main.o
 *(COMMON)
                0x00800705                PROVIDE (__bss_end, .)
                0x0000398e                __data_load_start = LOADADDR (.data)
                0x00003ed0                __data_load_end = (__data_load_start + SIZEOF (.data))

.noinit         0x00800705        0x0
                [!provide]                PROVIDE (__noinit_start, .)
 *(.noinit*)
                [!provide]                PROVIDE (__noinit_end, .)
                0x00800705                _end = .
                [!provide]                PROVIDE (__heap_start, .)

.eeprom         0x00810000        0x0
 *(.eeprom*)
                0x00810000                __eeprom_end = .

.fuse
 *(.fuse)
 *(.lfuse)
 *(.hfuse)
 *(.efuse)

.lock
 *(.lock*)

.signature
 *(.signature*)

.user_signatures
 *(.user_signatures*)

.stab
 *(.stab)

.stabstr
 *(.stabstr)

.stab.excl
 *(.stab.excl)

.stab.exclstr
 *(.stab.exclstr)

.stab.index
 *(.stab.index)

.stab.indexstr
 *(.stab.indexstr)

.comment        0x00000000       0x30
 *(.comment)
 .comment       0x00000000       0x30 main.o
                                 0x31 (size before relaxing)

.note.gnu.avr.deviceinfo
                0x00000000       0x40
 .note.gnu.avr.deviceinfo
                0x00000000       0x40 C:/Program Files (x86)/Atmel/Studio/7.0/Packs/atmel/ATmega_DFP/1.6.364/gcc/dev/atmega328p/avr5/crtatmega328p.o

.note.gnu.build-id
 *(.note.gnu.build-id)

.debug
 *(.debug)

.line
 *(.line)

.debug_srcinfo
 *(.debug_srcinfo)

.debug_sfnames
 *(.debug_sfnames)

.debug_aranges  0x00000000      0x3d0
 *(.debug_aranges)
 .debug_aranges
                0x00000000      0x3d0 main.o

.debug_pubnames
 *(.debug_pubnames)

.debug_info     0x00000000     0x58c6
 *(.debug_info .gnu.linkonce.wi.*)
 .debug_info    0x00000000      0x5f4 C:/Program Files (x86)/Atmel/Studio/7.0/Packs/atmel/ATmega_DFP/1.6.364/gcc/dev/atmega328p/avr5/crtatmega328p.o
 .debug_info    0x000005f4     0x52d2 main.o

.debug_abbrev   0x00000000      0x9bf
 *(.debug_abbrev)
 .debug_abbrev  0x00000000      0x5a2 C:/Program Files (x86)/Atmel/Studio/7.0/Packs/atmel/ATmega_DFP/1.6.364/gcc/dev/atmega328p/avr5/crtatmega328p.o
 .debug_abbrev  0x000005a2      0x41d main.o

.debug_line     0x00000000     0x3800
 *(.debug_line .debug_line.* .debug_line_end)
 .debug_line    0x00000000      0x134 C:/Program Files (x86)/Atmel/Studio/7.0/Packs/atmel/ATmega_DFP/1.6.364/gcc/dev/atmega328p/avr5/crtatmega328p.o
 .debug_line    0x00000134     0x36cc main.o

.debug_frame    0x00000000      0xc08
 *(.debug_frame)
 .debug_frame   0x00000000      0xc08 main.o

.debug_str      0x00000000      0xf7a
 *(.debug_str)
 .debug_str     0x00000000      0x208 C:/Program Files (x86)/Atmel/Studio/7.0/Packs/atmel/ATmega_DFP/1.6.364/gcc/dev/atmega328p/avr5/crtatmega328p.o
 .debug_str     0x00000208      0xd72 main.o
                                0xe05 (size before relaxing)

.debug_loc      0x00000000     0x43a5
 *(.debug_loc)
 .debug_loc     0x00000000     0x43a5 main.o

.debug_macinfo
 *(.debug_macinfo)

.debug_weaknames
 *(.debug_weaknames)

.debug_funcnames
 *(.debug_funcnames)

.debug_typenames
 *(.debug_typenames)

.debug_varnames
 *(.debug_varnames)

.debug_pubtypes
 *(.debug_pubtypes)

.debug_ranges   0x00000000      0x3f0
 *(.debug_ranges)
 .debug_ranges  0x00000000      0x3f0 main.o

.debug_macro
 *(.debug_macro)
OUTPUT(mic_pay.elf elf32-avr)
LOAD linker stubs
